Component: ARM Compiler 5.06 update 7 (build 960) Tool: armlink [4d3601]

==============================================================================

Section Cross References

    main.o(i.PrintfLogo) refers to printf2.o(i.__0printf$2) for __2printf
    main.o(i.PrintfLogo) refers to main.o(.conststring) for .conststring
    main.o(i.bsp_InitLaserPort) refers to stm32f4xx_hal_gpio.o(i.HAL_GPIO_Init) for HAL_GPIO_Init
    main.o(i.clear_nimma600_com_buff) refers to main.o(.data) for nimma900_cmd
    main.o(i.clear_nimma600_com_buff) refers to main.o(.bss) for com_nimma600_buff
    main.o(i.clear_nimma900_com_buff) refers to main.o(.bss) for com_nimma900_buff
    main.o(i.clear_nimma900_com_buff) refers to main.o(.data) for rev_nimma900_num
    main.o(i.clear_pc_com_buff) refers to main.o(.bss) for com_pc_buff
    main.o(i.clear_pc_com_buff) refers to main.o(.data) for rev_pc_num
    main.o(i.cmd_exec) refers to bsp_timer.o(i.bsp_StartHardTimer) for bsp_StartHardTimer
    main.o(i.cmd_exec) refers to bsp_timer.o(i.bsp_StopTimer) for bsp_StopTimer
    main.o(i.cmd_exec) refers to main.o(.data) for nimma900_cmd
    main.o(i.cmd_exec) refers to main.o(i.lasers_timer_stick) for lasers_timer_stick
    main.o(i.lasers_timer_stick) refers to main.o(.data) for nimma900_cmd
    main.o(i.main) refers to bsp.o(i.bsp_Init) for bsp_Init
    main.o(i.main) refers to main.o(i.bsp_InitLaserPort) for bsp_InitLaserPort
    main.o(i.main) refers to main.o(i.PrintfLogo) for PrintfLogo
    main.o(i.main) refers to main.o(i.clear_pc_com_buff) for clear_pc_com_buff
    main.o(i.main) refers to main.o(i.clear_nimma900_com_buff) for clear_nimma900_com_buff
    main.o(i.main) refers to bsp_led.o(i.bsp_LedOn) for bsp_LedOn
    main.o(i.main) refers to bsp_timer.o(i.bsp_DelayMS) for bsp_DelayMS
    main.o(i.main) refers to bsp_led.o(i.bsp_LedOff) for bsp_LedOff
    main.o(i.main) refers to bsp_timer.o(i.bsp_StartAutoTimer) for bsp_StartAutoTimer
    main.o(i.main) refers to bsp.o(i.bsp_Idle) for bsp_Idle
    main.o(i.main) refers to bsp_timer.o(i.bsp_CheckTimer) for bsp_CheckTimer
    main.o(i.main) refers to bsp_led.o(i.bsp_LedToggle) for bsp_LedToggle
    main.o(i.rev_from_nimma600) refers to bsp_uart_fifo.o(i.comSendBuf) for comSendBuf
    main.o(i.rev_from_nimma600) refers to main.o(i.clear_nimma600_com_buff) for clear_nimma600_com_buff
    main.o(i.rev_from_nimma600) refers to main.o(.data) for rev_nimma600_num
    main.o(i.rev_from_nimma600) refers to main.o(.bss) for com_nimma600_buff
    main.o(i.rev_from_nimma900) refers to bsp_uart_fifo.o(i.comSendBuf) for comSendBuf
    main.o(i.rev_from_nimma900) refers to main.o(i.clear_nimma900_com_buff) for clear_nimma900_com_buff
    main.o(i.rev_from_nimma900) refers to main.o(.data) for rev_nimma900_num
    main.o(i.rev_from_nimma900) refers to main.o(.bss) for com_nimma900_buff
    main.o(i.rev_from_pc) refers to bsp_uart_fifo.o(i.comSendBuf) for comSendBuf
    main.o(i.rev_from_pc) refers to main.o(i.clear_pc_com_buff) for clear_pc_com_buff
    main.o(i.rev_from_pc) refers to main.o(i.cmd_exec) for cmd_exec
    main.o(i.rev_from_pc) refers to main.o(.data) for rev_pc_num
    main.o(i.rev_from_pc) refers to main.o(.bss) for com_pc_buff
    bsp.o(i.SystemClock_Config) refers to stm32f4xx_hal_rcc.o(i.HAL_RCC_OscConfig) for HAL_RCC_OscConfig
    bsp.o(i.SystemClock_Config) refers to bsp.o(i.Error_Handler) for Error_Handler
    bsp.o(i.SystemClock_Config) refers to stm32f4xx_hal_rcc.o(i.HAL_RCC_ClockConfig) for HAL_RCC_ClockConfig
    bsp.o(i.SystemClock_Config) refers to stm32f4xx_hal.o(i.HAL_EnableCompensationCell) for HAL_EnableCompensationCell
    bsp.o(i.bsp_Init) refers to stm32f4xx_hal.o(i.HAL_Init) for HAL_Init
    bsp.o(i.bsp_Init) refers to bsp.o(i.SystemClock_Config) for SystemClock_Config
    bsp.o(i.bsp_Init) refers to bsp_timer.o(i.bsp_InitTimer) for bsp_InitTimer
    bsp.o(i.bsp_Init) refers to bsp_uart_fifo.o(i.bsp_InitUart) for bsp_InitUart
    bsp.o(i.bsp_Init) refers to bsp_led.o(i.bsp_InitLed) for bsp_InitLed
    bsp.o(i.bsp_RunPer10ms) refers to bsp_key.o(i.bsp_KeyScan10ms) for bsp_KeyScan10ms
    bsp_key.o(i.IsKeyDownFunc) refers to bsp_key.o(i.KeyPinActive) for KeyPinActive
    bsp_key.o(i.KeyPinActive) refers to bsp_key.o(.constdata) for s_gpio_list
    bsp_key.o(i.bsp_ClearKey) refers to bsp_key.o(.bss) for s_tKey
    bsp_key.o(i.bsp_DetectFastIO) refers to bsp_key.o(i.IsKeyDownFunc) for IsKeyDownFunc
    bsp_key.o(i.bsp_DetectFastIO) refers to bsp_key.o(i.bsp_PutKey) for bsp_PutKey
    bsp_key.o(i.bsp_DetectFastIO) refers to bsp_key.o(.bss) for s_tBtn
    bsp_key.o(i.bsp_DetectKey) refers to bsp_key.o(i.IsKeyDownFunc) for IsKeyDownFunc
    bsp_key.o(i.bsp_DetectKey) refers to bsp_key.o(i.bsp_PutKey) for bsp_PutKey
    bsp_key.o(i.bsp_DetectKey) refers to bsp_key.o(.bss) for s_tBtn
    bsp_key.o(i.bsp_GetKey) refers to bsp_key.o(.bss) for s_tKey
    bsp_key.o(i.bsp_GetKey2) refers to bsp_key.o(.bss) for s_tKey
[...]
    Removing stm32f4xx_hal_tim.o(i.HAL_TIM_Base_MspDeInit), (2 bytes).
    Removing stm32f4xx_hal_tim.o(i.HAL_TIM_Base_Start_DMA), (136 bytes).
    Removing stm32f4xx_hal_tim.o(i.HAL_TIM_Base_Start_IT), (42 bytes).
    Removing stm32f4xx_hal_tim.o(i.HAL_TIM_Base_Stop), (56 bytes).
    Removing stm32f4xx_hal_tim.o(i.HAL_TIM_Base_Stop_DMA), (70 bytes).
    Removing stm32f4xx_hal_tim.o(i.HAL_TIM_Base_Stop_IT), (56 bytes).
    Removing stm32f4xx_hal_tim.o(i.HAL_TIM_ConfigClockSource), (264 bytes).
    Removing stm32f4xx_hal_tim.o(i.HAL_TIM_ConfigOCrefClear), (270 bytes).
    Removing stm32f4xx_hal_tim.o(i.HAL_TIM_ConfigTI1Input), (22 bytes).
    Removing stm32f4xx_hal_tim.o(i.HAL_TIM_DMABurst_ReadStart), (488 bytes).
    Removing stm32f4xx_hal_tim.o(i.HAL_TIM_DMABurst_ReadStop), (146 bytes).
    Removing stm32f4xx_hal_tim.o(i.HAL_TIM_DMABurst_WriteStart), (488 bytes).
    Removing stm32f4xx_hal_tim.o(i.HAL_TIM_DMABurst_WriteStop), (146 bytes).
    Removing stm32f4xx_hal_tim.o(i.HAL_TIM_Encoder_DeInit), (70 bytes).
    Removing stm32f4xx_hal_tim.o(i.HAL_TIM_Encoder_GetState), (8 bytes).
    Removing stm32f4xx_hal_tim.o(i.HAL_TIM_Encoder_Init), (174 bytes).
    Removing stm32f4xx_hal_tim.o(i.HAL_TIM_Encoder_MspDeInit), (2 bytes).
    Removing stm32f4xx_hal_tim.o(i.HAL_TIM_Encoder_MspInit), (2 bytes).
    Removing stm32f4xx_hal_tim.o(i.HAL_TIM_Encoder_Start), (78 bytes).
    Removing stm32f4xx_hal_tim.o(i.HAL_TIM_Encoder_Start_DMA), (380 bytes).
    Removing stm32f4xx_hal_tim.o(i.HAL_TIM_Encoder_Start_IT), (126 bytes).
    Removing stm32f4xx_hal_tim.o(i.HAL_TIM_Encoder_Stop), (104 bytes).
    Removing stm32f4xx_hal_tim.o(i.HAL_TIM_Encoder_Stop_DMA), (176 bytes).
    Removing stm32f4xx_hal_tim.o(i.HAL_TIM_Encoder_Stop_IT), (152 bytes).
    Removing stm32f4xx_hal_tim.o(i.HAL_TIM_ErrorCallback), (2 bytes).
    Removing stm32f4xx_hal_tim.o(i.HAL_TIM_GenerateEvent), (54 bytes).
    Removing stm32f4xx_hal_tim.o(i.HAL_TIM_IC_CaptureCallback), (2 bytes).
    Removing stm32f4xx_hal_tim.o(i.HAL_TIM_IC_CaptureHalfCpltCallback), (2 bytes).
    Removing stm32f4xx_hal_tim.o(i.HAL_TIM_IC_ConfigChannel), (224 bytes).
    Removing stm32f4xx_hal_tim.o(i.HAL_TIM_IC_DeInit), (70 bytes).
    Removing stm32f4xx_hal_tim.o(i.HAL_TIM_IC_GetState), (8 bytes).
    Removing stm32f4xx_hal_tim.o(i.HAL_TIM_IC_Init), (52 bytes).
    Removing stm32f4xx_hal_tim.o(i.HAL_TIM_IC_MspDeInit), (2 bytes).
    Removing stm32f4xx_hal_tim.o(i.HAL_TIM_IC_MspInit), (2 bytes).
    Removing stm32f4xx_hal_tim.o(i.HAL_TIM_IC_Start), (44 bytes).
    Removing stm32f4xx_hal_tim.o(i.HAL_TIM_IC_Start_DMA), (332 bytes).
    Removing stm32f4xx_hal_tim.o(i.HAL_TIM_IC_Start_IT), (120 bytes).
    Removing stm32f4xx_hal_tim.o(i.HAL_TIM_IC_Stop), (58 bytes).
    Removing stm32f4xx_hal_tim.o(i.HAL_TIM_IC_Stop_DMA), (164 bytes).
    Removing stm32f4xx_hal_tim.o(i.HAL_TIM_IC_Stop_IT), (134 bytes).
    Removing stm32f4xx_hal_tim.o(i.HAL_TIM_IRQHandler), (406 bytes).
    Removing stm32f4xx_hal_tim.o(i.HAL_TIM_OC_ConfigChannel), (116 bytes).
    Removing stm32f4xx_hal_tim.o(i.HAL_TIM_OC_DeInit), (70 bytes).
    Removing stm32f4xx_hal_tim.o(i.HAL_TIM_OC_DelayElapsedCallback), (2 bytes).
    Removing stm32f4xx_hal_tim.o(i.HAL_TIM_OC_GetState), (8 bytes).
    Removing stm32f4xx_hal_tim.o(i.HAL_TIM_OC_Init), (52 bytes).
    Removing stm32f4xx_hal_tim.o(i.HAL_TIM_OC_MspDeInit), (2 bytes).
    Removing stm32f4xx_hal_tim.o(i.HAL_TIM_OC_MspInit), (2 bytes).
    Removing stm32f4xx_hal_tim.o(i.HAL_TIM_OC_Start), (88 bytes).
    Removing stm32f4xx_hal_tim.o(i.HAL_TIM_OC_Start_DMA), (376 bytes).
    Removing stm32f4xx_hal_tim.o(i.HAL_TIM_OC_Start_IT), (164 bytes).
    Removing stm32f4xx_hal_tim.o(i.HAL_TIM_OC_Stop), (128 bytes).
    Removing stm32f4xx_hal_tim.o(i.HAL_TIM_OC_Stop_DMA), (236 bytes).
    Removing stm32f4xx_hal_tim.o(i.HAL_TIM_OC_Stop_IT), (204 bytes).
    Removing stm32f4xx_hal_tim.o(i.HAL_TIM_OnePulse_ConfigChannel), (286 bytes).
    Removing stm32f4xx_hal_tim.o(i.HAL_TIM_OnePulse_DeInit), (70 bytes).
    Removing stm32f4xx_hal_tim.o(i.HAL_TIM_OnePulse_GetState), (8 bytes).
    Removing stm32f4xx_hal_tim.o(i.HAL_TIM_OnePulse_Init), (76 bytes).
    Removing stm32f4xx_hal_tim.o(i.HAL_TIM_OnePulse_MspDeInit), (2 bytes).
    Removing stm32f4xx_hal_tim.o(i.HAL_TIM_OnePulse_MspInit), (2 bytes).
    Removing stm32f4xx_hal_tim.o(i.HAL_TIM_OnePulse_Start), (76 bytes).
    Removing stm32f4xx_hal_tim.o(i.HAL_TIM_OnePulse_Start_IT), (100 bytes).
    Removing stm32f4xx_hal_tim.o(i.HAL_TIM_OnePulse_Stop), (140 bytes).
    Removing stm32f4xx_hal_tim.o(i.HAL_TIM_OnePulse_Stop_IT), (164 bytes).
    Removing stm32f4xx_hal_tim.o(i.HAL_TIM_PWM_ConfigChannel), (264 bytes).
    Removing stm32f4xx_hal_tim.o(i.HAL_TIM_PWM_DeInit), (70 bytes).
    Removing stm32f4xx_hal_tim.o(i.HAL_TIM_PWM_GetState), (8 bytes).
    Removing stm32f4xx_hal_tim.o(i.HAL_TIM_PWM_Init), (52 bytes).
    Removing stm32f4xx_hal_tim.o(i.HAL_TIM_PWM_MspDeInit), (2 bytes).
    Removing stm32f4xx_hal_tim.o(i.HAL_TIM_PWM_MspInit), (2 bytes).
    Removing stm32f4xx_hal_tim.o(i.HAL_TIM_PWM_PulseFinishedCallback), (2 bytes).
    Removing stm32f4xx_hal_tim.o(i.HAL_TIM_PWM_PulseFinishedHalfCpltCallback), (2 bytes).
    Removing stm32f4xx_hal_tim.o(i.HAL_TIM_PWM_Start), (88 bytes).
    Removing stm32f4xx_hal_tim.o(i.HAL_TIM_PWM_Start_DMA), (376 bytes).
    Removing stm32f4xx_hal_tim.o(i.HAL_TIM_PWM_Start_IT), (164 bytes).
    Removing stm32f4xx_hal_tim.o(i.HAL_TIM_PWM_Stop), (136 bytes).
    Removing stm32f4xx_hal_tim.o(i.HAL_TIM_PWM_Stop_DMA), (236 bytes).
    Removing stm32f4xx_hal_tim.o(i.HAL_TIM_PWM_Stop_IT), (204 bytes).
    Removing stm32f4xx_hal_tim.o(i.HAL_TIM_PeriodElapsedCallback), (2 bytes).
    Removing stm32f4xx_hal_tim.o(i.HAL_TIM_PeriodElapsedHalfCpltCallback), (2 bytes).
    Removing stm32f4xx_hal_tim.o(i.HAL_TIM_ReadCapturedValue), (50 bytes).
    Removing stm32f4xx_hal_tim.o(i.HAL_TIM_SlaveConfigSynchro), (108 bytes).
    Removing stm32f4xx_hal_tim.o(i.HAL_TIM_SlaveConfigSynchro_IT), (108 bytes).
    Removing stm32f4xx_hal_tim.o(i.HAL_TIM_TriggerCallback), (2 bytes).
    Removing stm32f4xx_hal_tim.o(i.HAL_TIM_TriggerHalfCpltCallback), (2 bytes).
    Removing stm32f4xx_hal_tim.o(i.TIM_CCxChannelCmd), (34 bytes).
    Removing stm32f4xx_hal_tim.o(i.TIM_DMACaptureCplt), (70 bytes).
    Removing stm32f4xx_hal_tim.o(i.TIM_DMACaptureHalfCplt), (70 bytes).
    Removing stm32f4xx_hal_tim.o(i.TIM_DMADelayPulseCplt), (70 bytes).
    Removing stm32f4xx_hal_tim.o(i.TIM_DMADelayPulseHalfCplt), (70 bytes).
    Removing stm32f4xx_hal_tim.o(i.TIM_DMAError), (20 bytes).
    Removing stm32f4xx_hal_tim.o(i.TIM_DMAPeriodElapsedCplt), (20 bytes).
    Removing stm32f4xx_hal_tim.o(i.TIM_DMAPeriodElapsedHalfCplt), (20 bytes).
    Removing stm32f4xx_hal_tim.o(i.TIM_DMATriggerCplt), (20 bytes).
    Removing stm32f4xx_hal_tim.o(i.TIM_DMATriggerHalfCplt), (20 bytes).
    Removing stm32f4xx_hal_tim.o(i.TIM_ETR_SetConfig), (22 bytes).
    Removing stm32f4xx_hal_tim.o(i.TIM_ITRx_SetConfig), (18 bytes).
    Removing stm32f4xx_hal_tim.o(i.TIM_OC1_SetConfig), (112 bytes).
    Removing stm32f4xx_hal_tim.o(i.TIM_OC2_SetConfig), (124 bytes).
    Removing stm32f4xx_hal_tim.o(i.TIM_OC3_SetConfig), (120 bytes).
    Removing stm32f4xx_hal_tim.o(i.TIM_OC4_SetConfig), (84 bytes).
    Removing stm32f4xx_hal_tim.o(i.TIM_SlaveTimer_SetConfig), (170 bytes).
    Removing stm32f4xx_hal_tim.o(i.TIM_TI1_ConfigInputStage), (38 bytes).
    Removing stm32f4xx_hal_tim.o(i.TIM_TI1_SetConfig), (144 bytes).
    Removing stm32f4xx_hal_tim.o(i.TIM_TI2_ConfigInputStage), (40 bytes).
    Removing stm32f4xx_hal_tim.o(i.TIM_TI2_SetConfig), (58 bytes).
    Removing stm32f4xx_hal_tim.o(i.TIM_TI3_SetConfig), (56 bytes).
    Removing stm32f4xx_hal_tim.o(i.TIM_TI4_SetConfig), (60 bytes).
    Removing stm32f4xx_hal_uart.o(.rev16_text), (4 bytes).
    Removing stm32f4xx_hal_uart.o(.revsh_text), (4 bytes).
    Removing stm32f4xx_hal_uart.o(.rrx_text), (6 bytes).
    Removing stm32f4xx_hal_uart.o(i.HAL_HalfDuplex_EnableReceiver), (68 bytes).
    Removing stm32f4xx_hal_uart.o(i.HAL_HalfDuplex_EnableTransmitter), (68 bytes).
    Removing stm32f4xx_hal_uart.o(i.HAL_HalfDuplex_Init), (118 bytes).
    Removing stm32f4xx_hal_uart.o(i.HAL_LIN_Init), (142 bytes).
    Removing stm32f4xx_hal_uart.o(i.HAL_LIN_SendBreak), (62 bytes).
    Removing stm32f4xx_hal_uart.o(i.HAL_MultiProcessor_EnterMuteMode), (62 bytes).
    Removing stm32f4xx_hal_uart.o(i.HAL_MultiProcessor_ExitMuteMode), (62 bytes).
    Removing stm32f4xx_hal_uart.o(i.HAL_MultiProcessor_Init), (154 bytes).
    Removing stm32f4xx_hal_uart.o(i.HAL_UART_Abort), (170 bytes).
    Removing stm32f4xx_hal_uart.o(i.HAL_UART_AbortCpltCallback), (2 bytes).
    Removing stm32f4xx_hal_uart.o(i.HAL_UART_AbortReceive), (102 bytes).
    Removing stm32f4xx_hal_uart.o(i.HAL_UART_AbortReceiveCpltCallback), (2 bytes).
    Removing stm32f4xx_hal_uart.o(i.HAL_UART_AbortReceive_IT), (120 bytes).
    Removing stm32f4xx_hal_uart.o(i.HAL_UART_AbortTransmit), (90 bytes).
    Removing stm32f4xx_hal_uart.o(i.HAL_UART_AbortTransmitCpltCallback), (2 bytes).
    Removing stm32f4xx_hal_uart.o(i.HAL_UART_AbortTransmit_IT), (108 bytes).
    Removing stm32f4xx_hal_uart.o(i.HAL_UART_Abort_IT), (224 bytes).
    Removing stm32f4xx_hal_uart.o(i.HAL_UART_DMAPause), (124 bytes).
    Removing stm32f4xx_hal_uart.o(i.HAL_UART_DMAResume), (126 bytes).
    Removing stm32f4xx_hal_uart.o(i.HAL_UART_DMAStop), (102 bytes).
    Removing stm32f4xx_hal_uart.o(i.HAL_UART_DeInit), (58 bytes).
    Removing stm32f4xx_hal_uart.o(i.HAL_UART_ErrorCallback), (2 bytes).
    Removing stm32f4xx_hal_uart.o(i.HAL_UART_GetError), (6 bytes).
    Removing stm32f4xx_hal_uart.o(i.HAL_UART_GetState), (20 bytes).
    Removing stm32f4xx_hal_uart.o(i.HAL_UART_IRQHandler), (332 bytes).
    Removing stm32f4xx_hal_uart.o(i.HAL_UART_MspDeInit), (2 bytes).
    Removing stm32f4xx_hal_uart.o(i.HAL_UART_Receive), (222 bytes).
    Removing stm32f4xx_hal_uart.o(i.HAL_UART_Receive_DMA), (196 bytes).
    Removing stm32f4xx_hal_uart.o(i.HAL_UART_Receive_IT), (112 bytes).
    Removing stm32f4xx_hal_uart.o(i.HAL_UART_RxCpltCallback), (2 bytes).
    Removing stm32f4xx_hal_uart.o(i.HAL_UART_RxHalfCpltCallback), (2 bytes).
    Removing stm32f4xx_hal_uart.o(i.HAL_UART_Transmit), (214 bytes).
    Removing stm32f4xx_hal_uart.o(i.HAL_UART_Transmit_DMA), (156 bytes).
    Removing stm32f4xx_hal_uart.o(i.HAL_UART_Transmit_IT), (88 bytes).
    Removing stm32f4xx_hal_uart.o(i.HAL_UART_TxCpltCallback), (2 bytes).
    Removing stm32f4xx_hal_uart.o(i.HAL_UART_TxHalfCpltCallback), (2 bytes).
    Removing stm32f4xx_hal_uart.o(i.UART_DMAAbortOnError), (20 bytes).
    Removing stm32f4xx_hal_uart.o(i.UART_DMAError), (80 bytes).
    Removing stm32f4xx_hal_uart.o(i.UART_DMAReceiveCplt), (70 bytes).
    Removing stm32f4xx_hal_uart.o(i.UART_DMARxAbortCallback), (52 bytes).
    Removing stm32f4xx_hal_uart.o(i.UART_DMARxHalfCplt), (14 bytes).
    Removing stm32f4xx_hal_uart.o(i.UART_DMARxOnlyAbortCallback), (24 bytes).
    Removing stm32f4xx_hal_uart.o(i.UART_DMATransmitCplt), (54 bytes).
    Removing stm32f4xx_hal_uart.o(i.UART_DMATxAbortCallback), (52 bytes).
    Removing stm32f4xx_hal_uart.o(i.UART_DMATxHalfCplt), (14 bytes).
    Removing stm32f4xx_hal_uart.o(i.UART_DMATxOnlyAbortCallback), (24 bytes).
    Removing stm32f4xx_hal_uart.o(i.UART_EndRxTransfer), (32 bytes).
    Removing stm32f4xx_hal_uart.o(i.UART_EndTransmit_IT), (32 bytes).
    Removing stm32f4xx_hal_uart.o(i.UART_EndTxTransfer), (20 bytes).
    Removing stm32f4xx_hal_uart.o(i.UART_Receive_IT), (166 bytes).
    Removing stm32f4xx_hal_uart.o(i.UART_Transmit_IT), (104 bytes).
    Removing stm32f4xx_hal_uart.o(i.UART_WaitOnFlagUntilTimeout), (108 bytes).
    Removing stm32f4xx_hal_dma.o(.rev16_text), (4 bytes).
    Removing stm32f4xx_hal_dma.o(.revsh_text), (4 bytes).
    Removing stm32f4xx_hal_dma.o(.rrx_text), (6 bytes).
    Removing stm32f4xx_hal_dma.o(i.DMA_CalcBaseAndBitshift), (52 bytes).
    Removing stm32f4xx_hal_dma.o(i.DMA_CheckFifoParam), (170 bytes).
    Removing stm32f4xx_hal_dma.o(i.DMA_SetConfig), (44 bytes).
    Removing stm32f4xx_hal_dma.o(i.HAL_DMA_Abort), (170 bytes).
    Removing stm32f4xx_hal_dma.o(i.HAL_DMA_Abort_IT), (40 bytes).
    Removing stm32f4xx_hal_dma.o(i.HAL_DMA_DeInit), (112 bytes).
    Removing stm32f4xx_hal_dma.o(i.HAL_DMA_GetError), (6 bytes).
    Removing stm32f4xx_hal_dma.o(i.HAL_DMA_GetState), (8 bytes).
    Removing stm32f4xx_hal_dma.o(i.HAL_DMA_IRQHandler), (576 bytes).
    Removing stm32f4xx_hal_dma.o(i.HAL_DMA_Init), (236 bytes).
    Removing stm32f4xx_hal_dma.o(i.HAL_DMA_PollForTransfer), (346 bytes).
    Removing stm32f4xx_hal_dma.o(i.HAL_DMA_RegisterCallback), (94 bytes).
    Removing stm32f4xx_hal_dma.o(i.HAL_DMA_Start), (102 bytes).
    Removing stm32f4xx_hal_dma.o(i.HAL_DMA_Start_IT), (158 bytes).
    Removing stm32f4xx_hal_dma.o(i.HAL_DMA_UnRegisterCallback), (124 bytes).
    Removing stm32f4xx_hal_dma.o(.constdata), (8 bytes).
    Removing stm32f4xx_hal_tim_ex.o(.rev16_text), (4 bytes).
    Removing stm32f4xx_hal_tim_ex.o(.revsh_text), (4 bytes).
    Removing stm32f4xx_hal_tim_ex.o(.rrx_text), (6 bytes).
    Removing stm32f4xx_hal_tim_ex.o(i.HAL_TIMEx_BreakCallback), (2 bytes).
    Removing stm32f4xx_hal_tim_ex.o(i.HAL_TIMEx_CommutCallback), (2 bytes).
    Removing stm32f4xx_hal_tim_ex.o(i.HAL_TIMEx_CommutHalfCpltCallback), (2 bytes).
    Removing stm32f4xx_hal_tim_ex.o(i.HAL_TIMEx_ConfigBreakDeadTime), (116 bytes).
    Removing stm32f4xx_hal_tim_ex.o(i.HAL_TIMEx_ConfigCommutEvent), (134 bytes).
    Removing stm32f4xx_hal_tim_ex.o(i.HAL_TIMEx_ConfigCommutEvent_DMA), (164 bytes).
    Removing stm32f4xx_hal_tim_ex.o(i.HAL_TIMEx_ConfigCommutEvent_IT), (134 bytes).
    Removing stm32f4xx_hal_tim_ex.o(i.HAL_TIMEx_HallSensor_DeInit), (70 bytes).
    Removing stm32f4xx_hal_tim_ex.o(i.HAL_TIMEx_HallSensor_GetState), (8 bytes).
    Removing stm32f4xx_hal_tim_ex.o(i.HAL_TIMEx_HallSensor_Init), (208 bytes).
    Removing stm32f4xx_hal_tim_ex.o(i.HAL_TIMEx_HallSensor_MspDeInit), (2 bytes).
    Removing stm32f4xx_hal_tim_ex.o(i.HAL_TIMEx_HallSensor_MspInit), (2 bytes).
    Removing stm32f4xx_hal_tim_ex.o(i.HAL_TIMEx_HallSensor_Start), (42 bytes).
    Removing stm32f4xx_hal_tim_ex.o(i.HAL_TIMEx_HallSensor_Start_DMA), (144 bytes).
    Removing stm32f4xx_hal_tim_ex.o(i.HAL_TIMEx_HallSensor_Start_IT), (54 bytes).
    Removing stm32f4xx_hal_tim_ex.o(i.HAL_TIMEx_HallSensor_Stop), (56 bytes).
    Removing stm32f4xx_hal_tim_ex.o(i.HAL_TIMEx_HallSensor_Stop_DMA), (74 bytes).
    Removing stm32f4xx_hal_tim_ex.o(i.HAL_TIMEx_HallSensor_Stop_IT), (68 bytes).
    Removing stm32f4xx_hal_tim_ex.o(i.HAL_TIMEx_MasterConfigSynchronization), (84 bytes).
    Removing stm32f4xx_hal_tim_ex.o(i.HAL_TIMEx_OCN_Start), (56 bytes).
    Removing stm32f4xx_hal_tim_ex.o(i.HAL_TIMEx_OCN_Start_DMA), (288 bytes).
    Removing stm32f4xx_hal_tim_ex.o(i.HAL_TIMEx_OCN_Start_IT), (126 bytes).
    Removing stm32f4xx_hal_tim_ex.o(i.HAL_TIMEx_OCN_Stop), (96 bytes).
    Removing stm32f4xx_hal_tim_ex.o(i.HAL_TIMEx_OCN_Stop_DMA), (178 bytes).
    Removing stm32f4xx_hal_tim_ex.o(i.HAL_TIMEx_OCN_Stop_IT), (178 bytes).
    Removing stm32f4xx_hal_tim_ex.o(i.HAL_TIMEx_OnePulseN_Start), (32 bytes).
    Removing stm32f4xx_hal_tim_ex.o(i.HAL_TIMEx_OnePulseN_Start_IT), (56 bytes).
    Removing stm32f4xx_hal_tim_ex.o(i.HAL_TIMEx_OnePulseN_Stop), (96 bytes).
    Removing stm32f4xx_hal_tim_ex.o(i.HAL_TIMEx_OnePulseN_Stop_IT), (120 bytes).
    Removing stm32f4xx_hal_tim_ex.o(i.HAL_TIMEx_PWMN_Start), (56 bytes).
    Removing stm32f4xx_hal_tim_ex.o(i.HAL_TIMEx_PWMN_Start_DMA), (288 bytes).
    Removing stm32f4xx_hal_tim_ex.o(i.HAL_TIMEx_PWMN_Start_IT), (126 bytes).
    Removing stm32f4xx_hal_tim_ex.o(i.HAL_TIMEx_PWMN_Stop), (96 bytes).
    Removing stm32f4xx_hal_tim_ex.o(i.HAL_TIMEx_PWMN_Stop_DMA), (178 bytes).
    Removing stm32f4xx_hal_tim_ex.o(i.HAL_TIMEx_PWMN_Stop_IT), (178 bytes).
    Removing stm32f4xx_hal_tim_ex.o(i.HAL_TIMEx_RemapConfig), (42 bytes).
    Removing stm32f4xx_hal_tim_ex.o(i.TIMEx_DMACommutationCplt), (20 bytes).
    Removing stm32f4xx_hal_tim_ex.o(i.TIMEx_DMACommutationHalfCplt), (20 bytes).
    Removing stm32f4xx_hal_tim_ex.o(i.TIM_CCxNChannelCmd), (34 bytes).
    Removing stm32f4xx_hal_flash_ex.o(.rev16_text), (4 bytes).
    Removing stm32f4xx_hal_flash_ex.o(.revsh_text), (4 bytes).
    Removing stm32f4xx_hal_flash_ex.o(.rrx_text), (6 bytes).
    Removing stm32f4xx_hal_flash_ex.o(i.FLASH_Erase_Sector), (92 bytes).
    Removing stm32f4xx_hal_flash_ex.o(i.FLASH_FlushCaches), (120 bytes).
    Removing stm32f4xx_hal_flash_ex.o(i.FLASH_MassErase), (48 bytes).
    Removing stm32f4xx_hal_flash_ex.o(i.FLASH_OB_BOR_LevelConfig), (32 bytes).
    Removing stm32f4xx_hal_flash_ex.o(i.FLASH_OB_DisableWRP), (40 bytes).
    Removing stm32f4xx_hal_flash_ex.o(i.FLASH_OB_EnableWRP), (40 bytes).
    Removing stm32f4xx_hal_flash_ex.o(i.FLASH_OB_GetBOR), (16 bytes).
    Removing stm32f4xx_hal_flash_ex.o(i.FLASH_OB_GetRDP), (36 bytes).
    Removing stm32f4xx_hal_flash_ex.o(i.FLASH_OB_GetUser), (16 bytes).
    Removing stm32f4xx_hal_flash_ex.o(i.FLASH_OB_GetWRP), (12 bytes).
    Removing stm32f4xx_hal_flash_ex.o(i.FLASH_OB_RDP_LevelConfig), (32 bytes).
    Removing stm32f4xx_hal_flash_ex.o(i.FLASH_OB_UserConfig), (60 bytes).
    Removing stm32f4xx_hal_flash_ex.o(i.HAL_FLASHEx_Erase), (172 bytes).
    Removing stm32f4xx_hal_flash_ex.o(i.HAL_FLASHEx_Erase_IT), (120 bytes).
    Removing stm32f4xx_hal_flash_ex.o(i.HAL_FLASHEx_OBGetConfig), (34 bytes).
    Removing stm32f4xx_hal_flash_ex.o(i.HAL_FLASHEx_OBProgram), (148 bytes).
    Removing system_stm32f4xx.o(.rev16_text), (4 bytes).
    Removing system_stm32f4xx.o(.revsh_text), (4 bytes).
    Removing system_stm32f4xx.o(.rrx_text), (6 bytes).
    Removing system_stm32f4xx.o(i.SystemCoreClockUpdate), (192 bytes).
    Removing segger_hardfaulthandler.o(.rev16_text), (4 bytes).
    Removing segger_hardfaulthandler.o(.revsh_text), (4 bytes).
    Removing segger_hardfaulthandler.o(.rrx_text), (6 bytes).
    Removing dadd.o(.text), (334 bytes).
    Removing dmul.o(.text), (228 bytes).
    Removing ddiv.o(.text), (222 bytes).
    Removing dfixul.o(.text), (48 bytes).
    Removing cdrcmple.o(.text), (48 bytes).
    Removing depilogue.o(.text), (186 bytes).

399 unused section(s) (total 30508 bytes) removed from the image.

==============================================================================

Image Symbol Table

    Local Symbols

    Symbol Name                              Value     Ov Type        Size  Object(Section)

    ../clib/microlib/division.c              0x00000000   Number         0  uidiv.o ABSOLUTE
    ../clib/microlib/division.c              0x00000000   Number         0  uldiv.o ABSOLUTE
    ../clib/microlib/init/entry.s            0x00000000   Number         0  entry9b.o ABSOLUTE
    ../clib/microlib/init/entry.s            0x00000000   Number         0  entry12a.o ABSOLUTE
    ../clib/microlib/init/entry.s            0x00000000   Number         0  entry11a.o ABSOLUTE
    ../clib/microlib/init/entry.s            0x00000000   Number         0  entry7b.o ABSOLUTE
    ../clib/microlib/init/entry.s            0x00000000   Number         0  entry5.o ABSOLUTE
    ../clib/microlib/init/entry.s            0x00000000   Number         0  entry11b.o ABSOLUTE
    ../clib/microlib/init/entry.s            0x00000000   Number         0  entry.o ABSOLUTE
    ../clib/microlib/init/entry.s            0x00000000   Number         0  entry8b.o ABSOLUTE
    ../clib/microlib/init/entry.s            0x00000000   Number         0  entry12b.o ABSOLUTE
    ../clib/microlib/init/entry.s            0x00000000   Number         0  entry9a.o ABSOLUTE
    ../clib/microlib/init/entry.s            0x00000000   Number         0  entry8a.o ABSOLUTE
    ../clib/microlib/init/entry.s            0x00000000   Number         0  entry7a.o ABSOLUTE
    ../clib/microlib/init/entry.s            0x00000000   Number         0  entry10a.o ABSOLUTE
    ../clib/microlib/init/entry.s            0x00000000   Number         0  entry10b.o ABSOLUTE
    ../clib/microlib/init/entry.s            0x00000000   Number         0  entry2.o ABSOLUTE
    ../clib/microlib/longlong.c              0x00000000   Number         0  llshl.o ABSOLUTE
    ../clib/microlib/longlong.c              0x00000000   Number         0  llsshr.o ABSOLUTE
    ../clib/microlib/longlong.c              0x00000000   Number         0  llushr.o ABSOLUTE
    ../clib/microlib/printf/printf.c         0x00000000   Number         0  printf3.o ABSOLUTE
    ../clib/microlib/printf/printf.c         0x00000000   Number         0  printf4.o ABSOLUTE
    ../clib/microlib/printf/printf.c         0x00000000   Number         0  printf5.o ABSOLUTE
    ../clib/microlib/printf/printf.c         0x00000000   Number         0  printf6.o ABSOLUTE
    ../clib/microlib/printf/printf.c         0x00000000   Number         0  printf8.o ABSOLUTE
    ../clib/microlib/printf/printf.c         0x00000000   Number         0  printfa.o ABSOLUTE
    ../clib/microlib/printf/printf.c         0x00000000   Number         0  printf7.o ABSOLUTE
    ../clib/microlib/printf/printf.c         0x00000000   Number         0  printf2.o ABSOLUTE
    ../clib/microlib/printf/printf.c         0x00000000   Number         0  printf1.o ABSOLUTE
    ../clib/microlib/printf/printf.c         0x00000000   Number         0  printf0.o ABSOLUTE
    ../clib/microlib/printf/printf.c         0x00000000   Number         0  printfb.o ABSOLUTE
    ../clib/microlib/printf/stubs.s          0x00000000   Number         0  stubs.o ABSOLUTE
    ../clib/microlib/stdio/streams.c         0x00000000   Number         0  stdout.o ABSOLUTE
    ../clib/microlib/string/memset.c         0x00000000   Number         0  memseta.o ABSOLUTE
    ../clib/microlib/string/strlen.c         0x00000000   Number         0  strlen.o ABSOLUTE
    ../clib/microlib/stubs.s                 0x00000000   Number         0  iusefp.o ABSOLUTE
    ../fplib/microlib/fpadd.c                0x00000000   Number         0  dadd.o ABSOLUTE
    ../fplib/microlib/fpdiv.c                0x00000000   Number         0  ddiv.o ABSOLUTE
    ../fplib/microlib/fpepilogue.c           0x00000000   Number         0  depilogue.o ABSOLUTE
    ../fplib/microlib/fpfix.c                0x00000000   Number         0  dfixul.o ABSOLUTE
    ../fplib/microlib/fpmul.c                0x00000000   Number         0  dmul.o ABSOLUTE
    ..\..\Libraries\CMSIS\Device\ST\STM32F4xx\Source\Templates\arm\startup_stm32f407xx.s 0x00000000   Number         0  startup_stm32f407xx.o ABSOLUTE
    ..\..\Libraries\CMSIS\Device\ST\STM32F4xx\Source\Templates\system_stm32f4xx.c 0x00000000   Number         0  system_stm32f4xx.o ABSOLUTE
    ..\..\Libraries\STM32F4xx_HAL_Driver\Src\stm32f4xx_hal.c 0x00000000   Number         0  stm32f4xx_hal.o ABSOLUTE
    ..\..\Libraries\STM32F4xx_HAL_Driver\Src\stm32f4xx_hal_cortex.c 0x00000000   Number         0  stm32f4xx_hal_cortex.o ABSOLUTE
    ..\..\Libraries\STM32F4xx_HAL_Driver\Src\stm32f4xx_hal_dma.c 0x00000000   Number         0  stm32f4xx_hal_dma.o ABSOLUTE
    ..\..\Libraries\STM32F4xx_HAL_Driver\Src\stm32f4xx_hal_flash.c 0x00000000   Number         0  stm32f4xx_hal_flash.o ABSOLUTE
    ..\..\Libraries\STM32F4xx_HAL_Driver\Src\stm32f4xx_hal_flash_ex.c 0x00000000   Number         0  stm32f4xx_hal_flash_ex.o ABSOLUTE
    ..\..\Libraries\STM32F4xx_HAL_Driver\Src\stm32f4xx_hal_gpio.c 0x00000000   Number         0  stm32f4xx_hal_gpio.o ABSOLUTE
    ..\..\Libraries\STM32F4xx_HAL_Driver\Src\stm32f4xx_hal_rcc.c 0x00000000   Number         0  stm32f4xx_hal_rcc.o ABSOLUTE
    ..\..\Libraries\STM32F4xx_HAL_Driver\Src\stm32f4xx_hal_tim.c 0x00000000   Number         0  stm32f4xx_hal_tim.o ABSOLUTE
    ..\..\Libraries\STM32F4xx_HAL_Driver\Src\stm32f4xx_hal_tim_ex.c 0x00000000   Number         0  stm32f4xx_hal_tim_ex.o ABSOLUTE
    ..\..\Libraries\STM32F4xx_HAL_Driver\Src\stm32f4xx_hal_uart.c 0x00000000   Number         0  stm32f4xx_hal_uart.o ABSOLUTE
    ..\..\User\bsp\bsp.c                     0x00000000   Number         0  bsp.o ABSOLUTE
    ..\..\User\bsp\src\bsp_key.c             0x00000000   Number         0  bsp_key.o ABSOLUTE
    ..\..\User\bsp\src\bsp_led.c             0x00000000   Number         0  bsp_led.o ABSOLUTE
    ..\..\User\bsp\src\bsp_timer.c           0x00000000   Number         0  bsp_timer.o ABSOLUTE
    ..\..\User\bsp\src\bsp_uart_fifo.c       0x00000000   Number         0  bsp_uart_fifo.o ABSOLUTE
    ..\..\User\bsp\stm32f4xx_it.c            0x00000000   Number         0  stm32f4xx_it.o ABSOLUTE
    ..\..\User\main.c                        0x00000000   Number         0  main.o ABSOLUTE
    ..\..\User\segger\HardFaultHandlerMDK\HardFaultHandler.S 0x00000000   Number         0  hardfaulthandler.o ABSOLUTE
    ..\..\User\segger\HardFaultHandlerMDK\SEGGER_HardFaultHandler.c 0x00000000   Number         0  segger_hardfaulthandler.o ABSOLUTE
    ..\\..\\Libraries\\CMSIS\\Device\\ST\\STM32F4xx\\Source\\Templates\\system_stm32f4xx.c 0x00000000   Number         0  system_stm32f4xx.o ABSOLUTE
    ..\\..\\Libraries\\STM32F4xx_HAL_Driver\\Src\\stm32f4xx_hal.c 0x00000000   Number         0  stm32f4xx_hal.o ABSOLUTE
    ..\\..\\Libraries\\STM32F4xx_HAL_Driver\\Src\\stm32f4xx_hal_cortex.c 0x00000000   Number         0  stm32f4xx_hal_cortex.o ABSOLUTE
    ..\\..\\Libraries\\STM32F4xx_HAL_Driver\\Src\\stm32f4xx_hal_dma.c 0x00000000   Number         0  stm32f4xx_hal_dma.o ABSOLUTE
    ..\\..\\Libraries\\STM32F4xx_HAL_Driver\\Src\\stm32f4xx_hal_flash.c 0x00000000   Number         0  stm32f4xx_hal_flash.o ABSOLUTE
    ..\\..\\Libraries\\STM32F4xx_HAL_Driver\\Src\\stm32f4xx_hal_flash_ex.c 0x00000000   Number         0  stm32f4xx_hal_flash_ex.o ABSOLUTE
    ..\\..\\Libraries\\STM32F4xx_HAL_Driver\\Src\\stm32f4xx_hal_gpio.c 0x00000000   Number         0  stm32f4xx_hal_gpio.o ABSOLUTE
    ..\\..\\Libraries\\STM32F4xx_HAL_Driver\\Src\\stm32f4xx_hal_rcc.c 0x00000000   Number         0  stm32f4xx_hal_rcc.o ABSOLUTE
    ..\\..\\Libraries\\STM32F4xx_HAL_Driver\\Src\\stm32f4xx_hal_tim.c 0x00000000   Number         0  stm32f4xx_hal_tim.o ABSOLUTE
    ..\\..\\Libraries\\STM32F4xx_HAL_Driver\\Src\\stm32f4xx_hal_tim_ex.c 0x00000000   Number         0  stm32f4xx_hal_tim_ex.o ABSOLUTE
    ..\\..\\Libraries\\STM32F4xx_HAL_Driver\\Src\\stm32f4xx_hal_uart.c 0x00000000   Number         0  stm32f4xx_hal_uart.o ABSOLUTE
    ..\\..\\User\\bsp\\bsp.c                 0x00000000   Number         0  bsp.o ABSOLUTE
    ..\\..\\User\\bsp\\src\\bsp_key.c        0x00000000   Number         0  bsp_key.o ABSOLUTE
    ..\\..\\User\\bsp\\src\\bsp_led.c        0x00000000   Number         0  bsp_led.o ABSOLUTE
    ..\\..\\User\\bsp\\src\\bsp_timer.c      0x00000000   Number         0  bsp_timer.o ABSOLUTE
    ..\\..\\User\\bsp\\src\\bsp_uart_fifo.c  0x00000000   Number         0  bsp_uart_fifo.o ABSOLUTE
    ..\\..\\User\\bsp\\stm32f4xx_it.c        0x00000000   Number         0  stm32f4xx_it.o ABSOLUTE
    ..\\..\\User\\main.c                     0x00000000   Number         0  main.o ABSOLUTE
    ..\\..\\User\\segger\\HardFaultHandlerMDK\\SEGGER_HardFaultHandler.c 0x00000000   Number         0  segger_hardfaulthandler.o ABSOLUTE
    cdrcmple.s                               0x00000000   Number         0  cdrcmple.o ABSOLUTE
    dc.s                                     0x00000000   Number         0  dc.o ABSOLUTE
    handlers.s                               0x00000000   Number         0  handlers.o ABSOLUTE
    init.s                                   0x00000000   Number         0  init.o ABSOLUTE
    RESET                                    0x08000000   Section      392  startup_stm32f407xx.o(RESET)
    .ARM.Collect$$$$00000000                 0x08000188   Section        0  entry.o(.ARM.Collect$$$$00000000)
    .ARM.Collect$$$$00000001                 0x08000188   Section        4  entry2.o(.ARM.Collect$$$$00000001)
    .ARM.Collect$$$$00000004                 0x0800018c   Section        4  entry5.o(.ARM.Collect$$$$00000004)
    .ARM.Collect$$$$00000008                 0x08000190   Section        0  entry7b.o(.ARM.Collect$$$$00000008)
    .ARM.Collect$$$$0000000A                 0x08000190   Section        0  entry8b.o(.ARM.Collect$$$$0000000A)
    .ARM.Collect$$$$0000000B                 0x08000190   Section        8  entry9a.o(.ARM.Collect$$$$0000000B)
    .ARM.Collect$$$$0000000E                 0x08000198   Section        4  entry12b.o(.ARM.Collect$$$$0000000E)
    .ARM.Collect$$$$0000000F                 0x0800019c   Section        0  entry10a.o(.ARM.Collect$$$$0000000F)
    .ARM.Collect$$$$00000011                 0x0800019c   Section        0  entry11a.o(.ARM.Collect$$$$00000011)
    .ARM.Collect$$$$00002712                 0x0800019c   Section        4  entry2.o(.ARM.Collect$$$$00002712)
    __lit__00000000                          0x0800019c   Data           4  entry2.o(.ARM.Collect$$$$00002712)
    .text                                    0x080001a0   Section       36  startup_stm32f407xx.o(.text)
    $v0                                      0x080001a0   Number         0  startup_stm32f407xx.o(.text)
    .text                                    0x080001c4   Section        0  uldiv.o(.text)
    .text                                    0x08000226   Section        0  memseta.o(.text)
    .text                                    0x0800024a   Section        0  llshl.o(.text)
    .text                                    0x08000268   Section        0  llushr.o(.text)
    .text                                    0x08000288   Section       36  init.o(.text)
    OSKERNEL                                 0x080002ac   Section       18  hardfaulthandler.o(OSKERNEL)
    $v0                                      0x080002ac   Number         0  hardfaulthandler.o(OSKERNEL)
    i.BusFault_Handler                       0x080002be   Section        0  stm32f4xx_it.o(i.BusFault_Handler)
    i.ComToUart                              0x080002c4   Section        0  bsp_uart_fifo.o(i.ComToUart)
    i.DebugMon_Handler                       0x08000334   Section        0  stm32f4xx_it.o(i.DebugMon_Handler)
    i.Error_Handler                          0x08000336   Section        0  bsp.o(i.Error_Handler)
    i.HAL_EnableCompensationCell             0x08000340   Section        0  stm32f4xx_hal.o(i.HAL_EnableCompensationCell)
    i.HAL_GPIO_Init                          0x0800034c   Section        0  stm32f4xx_hal_gpio.o(i.HAL_GPIO_Init)
    i.HAL_GetTick                            0x0800054c   Section        0  stm32f4xx_hal.o(i.HAL_GetTick)
    i.HAL_IncTick                            0x08000558   Section        0  stm32f4xx_hal.o(i.HAL_IncTick)
    i.HAL_Init                               0x08000570   Section        0  stm32f4xx_hal.o(i.HAL_Init)
    i.HAL_InitTick                           0x080005ac   Section        0  stm32f4xx_hal.o(i.HAL_InitTick)
    i.HAL_MspInit                            0x080005f8   Section        0  stm32f4xx_hal.o(i.HAL_MspInit)
    i.HAL_NVIC_EnableIRQ                     0x080005fa   Section        0  stm32f4xx_hal_cortex.o(i.HAL_NVIC_EnableIRQ)
    i.HAL_NVIC_SetPriority                   0x0800061a   Section        0  stm32f4xx_hal_cortex.o(i.HAL_NVIC_SetPriority)
    i.HAL_NVIC_SetPriorityGrouping           0x08000698   Section        0  stm32f4xx_hal_cortex.o(i.HAL_NVIC_SetPriorityGrouping)
    i.HAL_RCC_ClockConfig                    0x080006c0   Section        0  stm32f4xx_hal_rcc.o(i.HAL_RCC_ClockConfig)
    i.HAL_RCC_GetHCLKFreq                    0x08000840   Section        0  stm32f4xx_hal_rcc.o(i.HAL_RCC_GetHCLKFreq)
    i.HAL_RCC_GetPCLK1Freq                   0x0800084c   Section        0  stm32f4xx_hal_rcc.o(i.HAL_RCC_GetPCLK1Freq)
    i.HAL_RCC_GetPCLK2Freq                   0x0800086c   Section        0  stm32f4xx_hal_rcc.o(i.HAL_RCC_GetPCLK2Freq)
    i.HAL_RCC_GetSysClockFreq                0x0800088c   Section        0  stm32f4xx_hal_rcc.o(i.HAL_RCC_GetSysClockFreq)
    i.HAL_RCC_OscConfig                      0x0800093c   Section        0  stm32f4xx_hal_rcc.o(i.HAL_RCC_OscConfig)
    i.HAL_SYSTICK_Config                     0x08000d84   Section        0  stm32f4xx_hal_cortex.o(i.HAL_SYSTICK_Config)
    i.HAL_TIM_Base_Init                      0x08000db8   Section        0  stm32f4xx_hal_tim.o(i.HAL_TIM_Base_Init)
    i.HAL_TIM_Base_MspInit                   0x08000dec   Section        0  stm32f4xx_hal_tim.o(i.HAL_TIM_Base_MspInit)
    i.HAL_TIM_Base_Start                     0x08000dee   Section        0  stm32f4xx_hal_tim.o(i.HAL_TIM_Base_Start)
    i.HAL_UART_Init                          0x08000e18   Section        0  stm32f4xx_hal_uart.o(i.HAL_UART_Init)
    i.HAL_UART_MspInit                       0x08000e8a   Section        0  stm32f4xx_hal_uart.o(i.HAL_UART_MspInit)
    i.HardFaultHandler                       0x08000e8c   Section        0  segger_hardfaulthandler.o(i.HardFaultHandler)
    i.InitHardUart                           0x08000f94   Section        0  bsp_uart_fifo.o(i.InitHardUart)
    InitHardUart                             0x08000f95   Thumb Code   634  bsp_uart_fifo.o(i.InitHardUart)
    i.IsKeyDownFunc                          0x08001228   Section        0  bsp_key.o(i.IsKeyDownFunc)
    IsKeyDownFunc                            0x08001229   Thumb Code   118  bsp_key.o(i.IsKeyDownFunc)
    i.KeyPinActive                           0x080012a0   Section        0  bsp_key.o(i.KeyPinActive)
    KeyPinActive                             0x080012a1   Thumb Code    48  bsp_key.o(i.KeyPinActive)
    i.MemManage_Handler                      0x080012d4   Section        0  stm32f4xx_it.o(i.MemManage_Handler)
    i.NMI_Handler                            0x080012d8   Section        0  stm32f4xx_it.o(i.NMI_Handler)
    i.PendSV_Handler                         0x080012da   Section        0  stm32f4xx_it.o(i.PendSV_Handler)
    i.PrintfLogo                             0x080012dc   Section        0  main.o(i.PrintfLogo)
    PrintfLogo                               0x080012dd   Thumb Code    10  main.o(i.PrintfLogo)
    i.SVC_Handler                            0x080012ec   Section        0  stm32f4xx_it.o(i.SVC_Handler)
    i.SysTick_Handler                        0x080012f0   Section        0  bsp_timer.o(i.SysTick_Handler)
    i.SysTick_ISR                            0x0800130c   Section        0  bsp_timer.o(i.SysTick_ISR)
    i.SystemClock_Config                     0x08001390   Section        0  bsp.o(i.SystemClock_Config)
    SystemClock_Config                       0x08001391   Thumb Code   204  bsp.o(i.SystemClock_Config)
    i.SystemInit                             0x0800147c   Section        0  system_stm32f4xx.o(i.SystemInit)
    i.TIM2_IRQHandler                        0x080014e0   Section        0  bsp_timer.o(i.TIM2_IRQHandler)
    i.TIM_Base_SetConfig                     0x080014fc   Section        0  stm32f4xx_hal_tim.o(i.TIM_Base_SetConfig)
    i.UART_SetConfig                         0x080015d4   Section        0  stm32f4xx_hal_uart.o(i.UART_SetConfig)
    UART_SetConfig                           0x080015d5   Thumb Code   864  stm32f4xx_hal_uart.o(i.UART_SetConfig)
    i.USART1_IRQHandler                      0x0800193c   Section        0  bsp_uart_fifo.o(i.USART1_IRQHandler)
    i.USART2_IRQHandler                      0x0800194c   Section        0  bsp_uart_fifo.o(i.USART2_IRQHandler)
    i.USART6_IRQHandler                      0x0800195c   Section        0  bsp_uart_fifo.o(i.USART6_IRQHandler)
    i.UartIRQ                                0x0800196c   Section        0  bsp_uart_fifo.o(i.UartIRQ)
    UartIRQ                                  0x0800196d   Thumb Code   246  bsp_uart_fifo.o(i.UartIRQ)
    i.UartSend                               0x08001a62   Section        0  bsp_uart_fifo.o(i.UartSend)
    UartSend                                 0x08001a63   Thumb Code   146  bsp_uart_fifo.o(i.UartSend)
    i.UartVarInit                            0x08001af4   Section        0  bsp_uart_fifo.o(i.UartVarInit)
    UartVarInit                              0x08001af5   Thumb Code   146  bsp_uart_fifo.o(i.UartVarInit)
    i.UsageFault_Handler                     0x08001bc4   Section        0  stm32f4xx_it.o(i.UsageFault_Handler)
    i.__0printf$2                            0x08001bc8   Section        0  printf2.o(i.__0printf$2)
    i.__NVIC_GetPriorityGrouping             0x08001be8   Section        0  stm32f4xx_hal_cortex.o(i.__NVIC_GetPriorityGrouping)
    __NVIC_GetPriorityGrouping               0x08001be9   Thumb Code    10  stm32f4xx_hal_cortex.o(i.__NVIC_GetPriorityGrouping)
    i.__NVIC_SetPriority                     0x08001bf8   Section        0  stm32f4xx_hal_cortex.o(i.__NVIC_SetPriority)
    __NVIC_SetPriority                       0x08001bf9   Thumb Code    32  stm32f4xx_hal_cortex.o(i.__NVIC_SetPriority)
    i.__scatterload_copy                     0x08001c20   Section       14  handlers.o(i.__scatterload_copy)
    i.__scatterload_null                     0x08001c2e   Section        2  handlers.o(i.__scatterload_null)
    i.__scatterload_zeroinit                 0x08001c30   Section       14  handlers.o(i.__scatterload_zeroinit)
    i.__set_PRIMASK                          0x08001c3e   Section        0  bsp_timer.o(i.__set_PRIMASK)
    __set_PRIMASK                            0x08001c3f   Thumb Code     6  bsp_timer.o(i.__set_PRIMASK)
    i.__set_PRIMASK                          0x08001c44   Section        0  bsp_uart_fifo.o(i.__set_PRIMASK)
    __set_PRIMASK                            0x08001c45   Thumb Code     6  bsp_uart_fifo.o(i.__set_PRIMASK)
    i._printf_core                           0x08001c4a   Section        0  printf2.o(i._printf_core)
    _printf_core                             0x08001c4b   Thumb Code   214  printf2.o(i._printf_core)
    i.bsp_CheckTimer                         0x08001d20   Section        0  bsp_timer.o(i.bsp_CheckTimer)
    i.bsp_DelayMS                            0x08001d54   Section        0  bsp_timer.o(i.bsp_DelayMS)
    i.bsp_DetectKey                          0x08001d98   Section        0  bsp_key.o(i.bsp_DetectKey)
    bsp_DetectKey                            0x08001d99   Thumb Code   200  bsp_key.o(i.bsp_DetectKey)
    i.bsp_Idle                               0x08001e64   Section        0  bsp.o(i.bsp_Idle)
    i.bsp_Init                               0x08001e66   Section        0  bsp.o(i.bsp_Init)
    i.bsp_InitHardTimer                      0x08001e80   Section        0  bsp_timer.o(i.bsp_InitHardTimer)
    i.bsp_InitLaserPort                      0x08001f4c   Section        0  main.o(i.bsp_InitLaserPort)
    i.bsp_InitLed                            0x08001ffc   Section        0  bsp_led.o(i.bsp_InitLed)
    i.bsp_InitTimer                          0x0800209c   Section        0  bsp_timer.o(i.bsp_InitTimer)
    i.bsp_InitUart                           0x08002148   Section        0  bsp_uart_fifo.o(i.bsp_InitUart)
    i.bsp_KeyScan10ms                        0x08002154   Section        0  bsp_key.o(i.bsp_KeyScan10ms)
    i.bsp_LedOff                             0x0800216c   Section        0  bsp_led.o(i.bsp_LedOff)
    i.bsp_LedOn                              0x08002190   Section        0  bsp_led.o(i.bsp_LedOn)
    i.bsp_LedToggle                          0x080021b4   Section        0  bsp_led.o(i.bsp_LedToggle)
    i.bsp_PutKey                             0x080021e0   Section        0  bsp_key.o(i.bsp_PutKey)
    i.bsp_RunPer10ms                         0x08002200   Section        0  bsp.o(i.bsp_RunPer10ms)
    i.bsp_RunPer1ms                          0x08002208   Section        0  bsp.o(i.bsp_RunPer1ms)
    i.bsp_SetUartParam                       0x0800220c   Section        0  bsp_uart_fifo.o(i.bsp_SetUartParam)
    i.bsp_SoftTimerDec                       0x08002264   Section        0  bsp_timer.o(i.bsp_SoftTimerDec)
    bsp_SoftTimerDec                         0x08002265   Thumb Code    28  bsp_timer.o(i.bsp_SoftTimerDec)
    i.bsp_StartAutoTimer                     0x08002280   Section        0  bsp_timer.o(i.bsp_StartAutoTimer)
    i.bsp_StartHardTimer                     0x0800231c   Section        0  bsp_timer.o(i.bsp_StartHardTimer)
    i.bsp_StopTimer                          0x080023a8   Section        0  bsp_timer.o(i.bsp_StopTimer)
    i.clear_nimma600_com_buff                0x08002434   Section        0  main.o(i.clear_nimma600_com_buff)
    i.clear_nimma900_com_buff                0x08002468   Section        0  main.o(i.clear_nimma900_com_buff)
    i.clear_pc_com_buff                      0x08002488   Section        0  main.o(i.clear_pc_com_buff)
    i.cmd_exec                               0x080024a8   Section        0  main.o(i.cmd_exec)
    i.comSendBuf                             0x08002524   Section        0  bsp_uart_fifo.o(i.comSendBuf)
    i.comSendChar                            0x08002552   Section        0  bsp_uart_fifo.o(i.comSendChar)
    i.fputc                                  0x08002562   Section        0  bsp_uart_fifo.o(i.fputc)
    i.lasers_timer_stick                     0x08002574   Section        0  main.o(i.lasers_timer_stick)
    i.main                                   0x08002620   Section        0  main.o(i.main)
    i.rev_from_nimma600                      0x08002684   Section        0  main.o(i.rev_from_nimma600)
    i.rev_from_nimma900                      0x080026dc   Section        0  main.o(i.rev_from_nimma900)
    i.rev_from_pc                            0x08002734   Section        0  main.o(i.rev_from_pc)
    .constdata                               0x080027dc   Section       64  bsp_key.o(.constdata)
    s_gpio_list                              0x080027dc   Data          64  bsp_key.o(.constdata)
    .constdata                               0x0800281c   Section       48  bsp_timer.o(.constdata)
    __FUNCTION__                             0x0800281c   Data          15  bsp_timer.o(.constdata)
    __FUNCTION__                             0x0800282b   Data          19  bsp_timer.o(.constdata)
    __FUNCTION__                             0x0800283e   Data          14  bsp_timer.o(.constdata)
    .constdata                               0x0800284c   Section       24  system_stm32f4xx.o(.constdata)
    .conststring                             0x08002864   Section       66  main.o(.conststring)
    .data                                    0x20000000   Section       20  main.o(.data)
    rev_pc_num                               0x20000000   Data           1  main.o(.data)
    rev_nimma900_num                         0x20000001   Data           1  main.o(.data)
    rev_nimma600_num                         0x20000002   Data           1  main.o(.data)
    timer_count                              0x20000004   Data           4  main.o(.data)
    nimma900_prd                             0x2000000c   Data           4  main.o(.data)
    nimma600_prd                             0x20000010   Data           4  main.o(.data)
    .data                                    0x20000014   Section       30  bsp_timer.o(.data)
    s_TIM_CallBack1                          0x20000014   Data           4  bsp_timer.o(.data)
    s_TIM_CallBack2                          0x20000018   Data           4  bsp_timer.o(.data)
    s_TIM_CallBack3                          0x2000001c   Data           4  bsp_timer.o(.data)
    s_TIM_CallBack4                          0x20000020   Data           4  bsp_timer.o(.data)
    s_uiDelayCount                           0x20000024   Data           4  bsp_timer.o(.data)
    s_ucTimeOutFlag                          0x20000028   Data           1  bsp_timer.o(.data)
    g_ucEnableSystickISR                     0x20000030   Data           1  bsp_timer.o(.data)
    s_count                                  0x20000031   Data           1  bsp_timer.o(.data)
    .data                                    0x20000034   Section        9  stm32f4xx_hal.o(.data)
    .data                                    0x20000040   Section        4  system_stm32f4xx.o(.data)
    .data                                    0x20000044   Section        4  segger_hardfaulthandler.o(.data)
    _Continue                                0x20000044   Data           4  segger_hardfaulthandler.o(.data)
    .data                                    0x20000048   Section        4  stdout.o(.data)
    .bss                                     0x2000004c   Section      576  main.o(.bss)
    g_tUart1                                 0x2000004c   Data          44  main.o(.bss)
    g_TxBuf1                                 0x20000078   Data          64  main.o(.bss)
    g_RxBuf1                                 0x200000b8   Data          64  main.o(.bss)
    g_tUart2                                 0x200000f8   Data          44  main.o(.bss)
    g_TxBuf2                                 0x20000124   Data          64  main.o(.bss)
    g_RxBuf2                                 0x20000164   Data          64  main.o(.bss)
    g_tUart6                                 0x200001a4   Data          44  main.o(.bss)
    g_TxBuf6                                 0x200001d0   Data          64  main.o(.bss)
    g_RxBuf6                                 0x20000210   Data          64  main.o(.bss)
    .bss                                     0x2000028c   Section      689  bsp_key.o(.bss)
    g_tUart1                                 0x2000028c   Data          44  bsp_key.o(.bss)
    g_TxBuf1                                 0x200002b8   Data          64  bsp_key.o(.bss)
    g_RxBuf1                                 0x200002f8   Data          64  bsp_key.o(.bss)
    g_tUart2                                 0x20000338   Data          44  bsp_key.o(.bss)
    g_TxBuf2                                 0x20000364   Data          64  bsp_key.o(.bss)
    g_RxBuf2                                 0x200003a4   Data          64  bsp_key.o(.bss)
    g_tUart6                                 0x200003e4   Data          44  bsp_key.o(.bss)
    g_TxBuf6                                 0x20000410   Data          64  bsp_key.o(.bss)
    g_RxBuf6                                 0x20000450   Data          64  bsp_key.o(.bss)
    s_tBtn                                   0x20000490   Data         160  bsp_key.o(.bss)
    s_tKey                                   0x20000530   Data          13  bsp_key.o(.bss)
    .bss                                     0x20000540   Section      564  bsp_timer.o(.bss)
    g_tUart1                                 0x20000540   Data          44  bsp_timer.o(.bss)
    g_TxBuf1                                 0x2000056c   Data          64  bsp_timer.o(.bss)
    g_RxBuf1                                 0x200005ac   Data          64  bsp_timer.o(.bss)
    g_tUart2                                 0x200005ec   Data          44  bsp_timer.o(.bss)
    g_TxBuf2                                 0x20000618   Data          64  bsp_timer.o(.bss)
    g_RxBuf2                                 0x20000658   Data          64  bsp_timer.o(.bss)
    g_tUart6                                 0x20000698   Data          44  bsp_timer.o(.bss)
    g_TxBuf6                                 0x200006c4   Data          64  bsp_timer.o(.bss)
    g_RxBuf6                                 0x20000704   Data          64  bsp_timer.o(.bss)
    s_tTmr                                   0x20000744   Data          48  bsp_timer.o(.bss)
    .bss                                     0x20000774   Section      516  bsp_uart_fifo.o(.bss)
    g_tUart1                                 0x20000774   Data          44  bsp_uart_fifo.o(.bss)
    g_TxBuf1                                 0x200007a0   Data          64  bsp_uart_fifo.o(.bss)
    g_RxBuf1                                 0x200007e0   Data          64  bsp_uart_fifo.o(.bss)
    g_tUart2                                 0x20000820   Data          44  bsp_uart_fifo.o(.bss)
    g_TxBuf2                                 0x2000084c   Data          64  bsp_uart_fifo.o(.bss)
    g_RxBuf2                                 0x2000088c   Data          64  bsp_uart_fifo.o(.bss)
    g_tUart6                                 0x200008cc   Data          44  bsp_uart_fifo.o(.bss)
    g_TxBuf6                                 0x200008f8   Data          64  bsp_uart_fifo.o(.bss)
    g_RxBuf6                                 0x20000938   Data          64  bsp_uart_fifo.o(.bss)
    .bss                                     0x20000978   Section      580  segger_hardfaulthandler.o(.bss)
    g_tUart1                                 0x20000978   Data          44  segger_hardfaulthandler.o(.bss)
    g_TxBuf1                                 0x200009a4   Data          64  segger_hardfaulthandler.o(.bss)
    g_RxBuf1                                 0x200009e4   Data          64  segger_hardfaulthandler.o(.bss)
    g_tUart2                                 0x20000a24   Data          44  segger_hardfaulthandler.o(.bss)
    g_TxBuf2                                 0x20000a50   Data          64  segger_hardfaulthandler.o(.bss)
    g_RxBuf2                                 0x20000a90   Data          64  segger_hardfaulthandler.o(.bss)
    g_tUart6                                 0x20000ad0   Data          44  segger_hardfaulthandler.o(.bss)
    g_TxBuf6                                 0x20000afc   Data          64  segger_hardfaulthandler.o(.bss)
    g_RxBuf6                                 0x20000b3c   Data          64  segger_hardfaulthandler.o(.bss)
    HardFaultRegs                            0x20000b7c   Data          64  segger_hardfaulthandler.o(.bss)
    STACK                                    0x20000bc0   Section     1024  startup_stm32f407xx.o(STACK)

    Global Symbols

    Symbol Name                              Value     Ov Type        Size  Object(Section)

    BuildAttributes$$THM_ISAv4$E$P$D$K$B$S$7EM$VFPi3$EXTD16$VFPS$VFMA$PE$A:L22UL41UL21$X:L11$S22US41US21$IEEE1$IW$USESV6$~STKCKD$USESV7$~SHL$OSPACE$ROPI$EBA8$MICROLIB$REQ8$PRES8$EABIv2 0x00000000   Number         0  anon$$obj.o ABSOLUTE
    __ARM_use_no_argv                        0x00000000   Number         0  main.o ABSOLUTE
    _printf_a                                0x00000000   Number         0  stubs.o ABSOLUTE
    _printf_c                                0x00000000   Number         0  stubs.o ABSOLUTE
    _printf_charcount                        0x00000000   Number         0  stubs.o ABSOLUTE
    _printf_d                                0x00000000   Number         0  stubs.o ABSOLUTE
    _printf_e                                0x00000000   Number         0  stubs.o ABSOLUTE
    _printf_f                                0x00000000   Number         0  stubs.o ABSOLUTE
    _printf_flags                            0x00000000   Number         0  stubs.o ABSOLUTE
    _printf_fp_dec                           0x00000000   Number         0  stubs.o ABSOLUTE
    _printf_fp_hex                           0x00000000   Number         0  stubs.o ABSOLUTE
    _printf_g                                0x00000000   Number         0  stubs.o ABSOLUTE
    _printf_i                                0x00000000   Number         0  stubs.o ABSOLUTE
    _printf_int_dec                          0x00000000   Number         0  stubs.o ABSOLUTE
    _printf_l                                0x00000000   Number         0  stubs.o ABSOLUTE
    _printf_lc                               0x00000000   Number         0  stubs.o ABSOLUTE
    _printf_ll                               0x00000000   Number         0  stubs.o ABSOLUTE
    _printf_lld                              0x00000000   Number         0  stubs.o ABSOLUTE
    _printf_lli                              0x00000000   Number         0  stubs.o ABSOLUTE
    _printf_llo                              0x00000000   Number         0  stubs.o ABSOLUTE
    _printf_llu                              0x00000000   Number         0  stubs.o ABSOLUTE
    _printf_llx                              0x00000000   Number         0  stubs.o ABSOLUTE
    _printf_longlong_dec                     0x00000000   Number         0  stubs.o ABSOLUTE
    _printf_longlong_hex                     0x00000000   Number         0  stubs.o ABSOLUTE
    _printf_longlong_oct                     0x00000000   Number         0  stubs.o ABSOLUTE
    _printf_ls                               0x00000000   Number         0  stubs.o ABSOLUTE
    _printf_mbtowc                           0x00000000   Number         0  stubs.o ABSOLUTE
    _printf_n                                0x00000000   Number         0  stubs.o ABSOLUTE
    _printf_o                                0x00000000   Number         0  stubs.o ABSOLUTE
    _printf_p                                0x00000000   Number         0  stubs.o ABSOLUTE
    _printf_percent                          0x00000000   Number         0  stubs.o ABSOLUTE
    _printf_pre_padding                      0x00000000   Number         0  stubs.o ABSOLUTE
    _printf_return_value                     0x00000000   Number         0  stubs.o ABSOLUTE
    _printf_s                                0x00000000   Number         0  stubs.o ABSOLUTE
    _printf_sizespec                         0x00000000   Number         0  stubs.o ABSOLUTE
    _printf_str                              0x00000000   Number         0  stubs.o ABSOLUTE
    _printf_truncate_signed                  0x00000000   Number         0  stubs.o ABSOLUTE
    _printf_truncate_unsigned                0x00000000   Number         0  stubs.o ABSOLUTE
    _printf_u                                0x00000000   Number         0  stubs.o ABSOLUTE
    _printf_wc                               0x00000000   Number         0  stubs.o ABSOLUTE
    _printf_wctomb                           0x00000000   Number         0  stubs.o ABSOLUTE
    _printf_widthprec                        0x00000000   Number         0  stubs.o ABSOLUTE
    _printf_x                                0x00000000   Number         0  stubs.o ABSOLUTE
    __arm_fini_                               - Undefined Weak Reference
    __cpp_initialize__aeabi_                  - Undefined Weak Reference
    __cxa_finalize                            - Undefined Weak Reference
    __decompress                              - Undefined Weak Reference
    _clock_init                               - Undefined Weak Reference
    _microlib_exit                            - Undefined Weak Reference
    __Vectors_Size                           0x00000188   Number         0  startup_stm32f407xx.o ABSOLUTE
    __Vectors                                0x08000000   Data           4  startup_stm32f407xx.o(RESET)
    __Vectors_End                            0x08000188   Data           0  startup_stm32f407xx.o(RESET)
    __main                                   0x08000189   Thumb Code     0  entry.o(.ARM.Collect$$$$00000000)
    _main_stk                                0x08000189   Thumb Code     0  entry2.o(.ARM.Collect$$$$00000001)
    _main_scatterload                        0x0800018d   Thumb Code     0  entry5.o(.ARM.Collect$$$$00000004)
    __main_after_scatterload                 0x08000191   Thumb Code     0  entry5.o(.ARM.Collect$$$$00000004)
    _main_clock                              0x08000191   Thumb Code     0  entry7b.o(.ARM.Collect$$$$00000008)
    _main_cpp_init                           0x08000191   Thumb Code     0  entry8b.o(.ARM.Collect$$$$0000000A)
    _main_init                               0x08000191   Thumb Code     0  entry9a.o(.ARM.Collect$$$$0000000B)
    __rt_lib_shutdown_fini                   0x08000199   Thumb Code     0  entry12b.o(.ARM.Collect$$$$0000000E)
    __rt_final_cpp                           0x0800019d   Thumb Code     0  entry10a.o(.ARM.Collect$$$$0000000F)
    __rt_final_exit                          0x0800019d   Thumb Code     0  entry11a.o(.ARM.Collect$$$$00000011)
    Reset_Handler                            0x080001a1   Thumb Code     8  startup_stm32f407xx.o(.text)
    ADC_IRQHandler                           0x080001bb   Thumb Code     0  startup_stm32f407xx.o(.text)
    CAN1_RX0_IRQHandler                      0x080001bb   Thumb Code     0  startup_stm32f407xx.o(.text)
    CAN1_RX1_IRQHandler                      0x080001bb   Thumb Code     0  startup_stm32f407xx.o(.text)
    CAN1_SCE_IRQHandler                      0x080001bb   Thumb Code     0  startup_stm32f407xx.o(.text)
    CAN1_TX_IRQHandler                       0x080001bb   Thumb Code     0  startup_stm32f407xx.o(.text)
    CAN2_RX0_IRQHandler                      0x080001bb   Thumb Code     0  startup_stm32f407xx.o(.text)
    CAN2_RX1_IRQHandler                      0x080001bb   Thumb Code     0  startup_stm32f407xx.o(.text)
    CAN2_SCE_IRQHandler                      0x080001bb   Thumb Code     0  startup_stm32f407xx.o(.text)
    CAN2_TX_IRQHandler                       0x080001bb   Thumb Code     0  startup_stm32f407xx.o(.text)
    DCMI_IRQHandler                          0x080001bb   Thumb Code     0  startup_stm32f407xx.o(.text)
    DMA1_Stream0_IRQHandler                  0x080001bb   Thumb Code     0  startup_stm32f407xx.o(.text)
    DMA1_Stream1_IRQHandler                  0x080001bb   Thumb Code     0  startup_stm32f407xx.o(.text)
    DMA1_Stream2_IRQHandler                  0x080001bb   Thumb Code     0  startup_stm32f407xx.o(.text)
    DMA1_Stream3_IRQHandler                  0x080001bb   Thumb Code     0  startup_stm32f407xx.o(.text)
    DMA1_Stream4_IRQHandler                  0x080001bb   Thumb Code     0  startup_stm32f407xx.o(.text)
    DMA1_Stream5_IRQHandler                  0x080001bb   Thumb Code     0  startup_stm32f407xx.o(.text)
    DMA1_Stream6_IRQHandler                  0x080001bb   Thumb Code     0  startup_stm32f407xx.o(.text)
    DMA1_Stream7_IRQHandler                  0x080001bb   Thumb Code     0  startup_stm32f407xx.o(.text)
    DMA2_Stream0_IRQHandler                  0x080001bb   Thumb Code     0  startup_stm32f407xx.o(.text)
    DMA2_Stream1_IRQHandler                  0x080001bb   Thumb Code     0  startup_stm32f407xx.o(.text)
    DMA2_Stream2_IRQHandler                  0x080001bb   Thumb Code     0  startup_stm32f407xx.o(.text)
    DMA2_Stream3_IRQHandler                  0x080001bb   Thumb Code     0  startup_stm32f407xx.o(.text)
    DMA2_Stream4_IRQHandler                  0x080001bb   Thumb Code     0  startup_stm32f407xx.o(.text)
    DMA2_Stream5_IRQHandler                  0x080001bb   Thumb Code     0  startup_stm32f407xx.o(.text)
    DMA2_Stream6_IRQHandler                  0x080001bb   Thumb Code     0  startup_stm32f407xx.o(.text)
    DMA2_Stream7_IRQHandler                  0x080001bb   Thumb Code     0  startup_stm32f407xx.o(.text)
    ETH_IRQHandler                           0x080001bb   Thumb Code     0  startup_stm32f407xx.o(.text)
    ETH_WKUP_IRQHandler                      0x080001bb   Thumb Code     0  startup_stm32f407xx.o(.text)
    EXTI0_IRQHandler                         0x080001bb   Thumb Code     0  startup_stm32f407xx.o(.text)
    EXTI15_10_IRQHandler                     0x080001bb   Thumb Code     0  startup_stm32f407xx.o(.text)
    EXTI1_IRQHandler                         0x080001bb   Thumb Code     0  startup_stm32f407xx.o(.text)
    EXTI2_IRQHandler                         0x080001bb   Thumb Code     0  startup_stm32f407xx.o(.text)
    EXTI3_IRQHandler                         0x080001bb   Thumb Code     0  startup_stm32f407xx.o(.text)
    EXTI4_IRQHandler                         0x080001bb   Thumb Code     0  startup_stm32f407xx.o(.text)
    EXTI9_5_IRQHandler                       0x080001bb   Thumb Code     0  startup_stm32f407xx.o(.text)
    FLASH_IRQHandler                         0x080001bb   Thumb Code     0  startup_stm32f407xx.o(.text)
    FMC_IRQHandler                           0x080001bb   Thumb Code     0  startup_stm32f407xx.o(.text)
    FPU_IRQHandler                           0x080001bb   Thumb Code     0  startup_stm32f407xx.o(.text)
    HASH_RNG_IRQHandler                      0x080001bb   Thumb Code     0  startup_stm32f407xx.o(.text)
    I2C1_ER_IRQHandler                       0x080001bb   Thumb Code     0  startup_stm32f407xx.o(.text)
    I2C1_EV_IRQHandler                       0x080001bb   Thumb Code     0  startup_stm32f407xx.o(.text)
    I2C2_ER_IRQHandler                       0x080001bb   Thumb Code     0  startup_stm32f407xx.o(.text)
    I2C2_EV_IRQHandler                       0x080001bb   Thumb Code     0  startup_stm32f407xx.o(.text)
    I2C3_ER_IRQHandler                       0x080001bb   Thumb Code     0  startup_stm32f407xx.o(.text)
    I2C3_EV_IRQHandler                       0x080001bb   Thumb Code     0  startup_stm32f407xx.o(.text)
    OTG_FS_IRQHandler                        0x080001bb   Thumb Code     0  startup_stm32f407xx.o(.text)
    OTG_FS_WKUP_IRQHandler                   0x080001bb   Thumb Code     0  startup_stm32f407xx.o(.text)
    OTG_HS_EP1_IN_IRQHandler                 0x080001bb   Thumb Code     0  startup_stm32f407xx.o(.text)
    OTG_HS_EP1_OUT_IRQHandler                0x080001bb   Thumb Code     0  startup_stm32f407xx.o(.text)
    OTG_HS_IRQHandler                        0x080001bb   Thumb Code     0  startup_stm32f407xx.o(.text)
    OTG_HS_WKUP_IRQHandler                   0x080001bb   Thumb Code     0  startup_stm32f407xx.o(.text)
    PVD_IRQHandler                           0x080001bb   Thumb Code     0  startup_stm32f407xx.o(.text)
    RCC_IRQHandler                           0x080001bb   Thumb Code     0  startup_stm32f407xx.o(.text)
    RTC_Alarm_IRQHandler                     0x080001bb   Thumb Code     0  startup_stm32f407xx.o(.text)
    RTC_WKUP_IRQHandler                      0x080001bb   Thumb Code     0  startup_stm32f407xx.o(.text)
    SDIO_IRQHandler                          0x080001bb   Thumb Code     0  startup_stm32f407xx.o(.text)
    SPI1_IRQHandler                          0x080001bb   Thumb Code     0  startup_stm32f407xx.o(.text)
    SPI2_IRQHandler                          0x080001bb   Thumb Code     0  startup_stm32f407xx.o(.text)
    SPI3_IRQHandler                          0x080001bb   Thumb Code     0  startup_stm32f407xx.o(.text)
    TAMP_STAMP_IRQHandler                    0x080001bb   Thumb Code     0  startup_stm32f407xx.o(.text)
    TIM1_BRK_TIM9_IRQHandler                 0x080001bb   Thumb Code     0  startup_stm32f407xx.o(.text)
    TIM1_CC_IRQHandler                       0x080001bb   Thumb Code     0  startup_stm32f407xx.o(.text)
    TIM1_TRG_COM_TIM11_IRQHandler            0x080001bb   Thumb Code     0  startup_stm32f407xx.o(.text)
    TIM1_UP_TIM10_IRQHandler                 0x080001bb   Thumb Code     0  startup_stm32f407xx.o(.text)
    TIM3_IRQHandler                          0x080001bb   Thumb Code     0  startup_stm32f407xx.o(.text)
    TIM4_IRQHandler                          0x080001bb   Thumb Code     0  startup_stm32f407xx.o(.text)
    TIM5_IRQHandler                          0x080001bb   Thumb Code     0  startup_stm32f407xx.o(.text)
    TIM6_DAC_IRQHandler                      0x080001bb   Thumb Code     0  startup_stm32f407xx.o(.text)
    TIM7_IRQHandler                          0x080001bb   Thumb Code     0  startup_stm32f407xx.o(.text)
    TIM8_BRK_TIM12_IRQHandler                0x080001bb   Thumb Code     0  startup_stm32f407xx.o(.text)
    TIM8_CC_IRQHandler                       0x080001bb   Thumb Code     0  startup_stm32f407xx.o(.text)
    TIM8_TRG_COM_TIM14_IRQHandler            0x080001bb   Thumb Code     0  startup_stm32f407xx.o(.text)
    TIM8_UP_TIM13_IRQHandler                 0x080001bb   Thumb Code     0  startup_stm32f407xx.o(.text)
    UART4_IRQHandler                         0x080001bb   Thumb Code     0  startup_stm32f407xx.o(.text)
    UART5_IRQHandler                         0x080001bb   Thumb Code     0  startup_stm32f407xx.o(.text)
    USART3_IRQHandler                        0x080001bb   Thumb Code     0  startup_stm32f407xx.o(.text)
    WWDG_IRQHandler                          0x080001bb   Thumb Code     0  startup_stm32f407xx.o(.text)
    __aeabi_uldivmod                         0x080001c5   Thumb Code    98  uldiv.o(.text)
    __aeabi_memset                           0x08000227   Thumb Code    14  memseta.o(.text)
    __aeabi_memset4                          0x08000227   Thumb Code     0  memseta.o(.text)
    __aeabi_memset8                          0x08000227   Thumb Code     0  memseta.o(.text)
    __aeabi_memclr                           0x08000235   Thumb Code     4  memseta.o(.text)
    __aeabi_memclr4                          0x08000235   Thumb Code     0  memseta.o(.text)
    __aeabi_memclr8                          0x08000235   Thumb Code     0  memseta.o(.text)
    _memset$wrapper                          0x08000239   Thumb Code    18  memseta.o(.text)
    __aeabi_llsl                             0x0800024b   Thumb Code    30  llshl.o(.text)
    _ll_shift_l                              0x0800024b   Thumb Code     0  llshl.o(.text)
    __aeabi_llsr                             0x08000269   Thumb Code    32  llushr.o(.text)
    _ll_ushift_r                             0x08000269   Thumb Code     0  llushr.o(.text)
    __scatterload                            0x08000289   Thumb Code    28  init.o(.text)
    __scatterload_rt2                        0x08000289   Thumb Code     0  init.o(.text)
    HardFault_Handler                        0x080002ad   Thumb Code     0  hardfaulthandler.o(OSKERNEL)
    BusFault_Handler                         0x080002bf   Thumb Code     4  stm32f4xx_it.o(i.BusFault_Handler)
    ComToUart                                0x080002c5   Thumb Code    62  bsp_uart_fifo.o(i.ComToUart)
    DebugMon_Handler                         0x08000335   Thumb Code     2  stm32f4xx_it.o(i.DebugMon_Handler)
    Error_Handler                            0x08000337   Thumb Code     8  bsp.o(i.Error_Handler)
    HAL_EnableCompensationCell               0x08000341   Thumb Code     8  stm32f4xx_hal.o(i.HAL_EnableCompensationCell)
    HAL_GPIO_Init                            0x0800034d   Thumb Code   466  stm32f4xx_hal_gpio.o(i.HAL_GPIO_Init)
    HAL_GetTick                              0x0800054d   Thumb Code     6  stm32f4xx_hal.o(i.HAL_GetTick)
    HAL_IncTick                              0x08000559   Thumb Code    16  stm32f4xx_hal.o(i.HAL_IncTick)
    HAL_Init                                 0x08000571   Thumb Code    54  stm32f4xx_hal.o(i.HAL_Init)
    HAL_InitTick                             0x080005ad   Thumb Code    64  stm32f4xx_hal.o(i.HAL_InitTick)
    HAL_MspInit                              0x080005f9   Thumb Code     2  stm32f4xx_hal.o(i.HAL_MspInit)
    HAL_NVIC_EnableIRQ                       0x080005fb   Thumb Code    32  stm32f4xx_hal_cortex.o(i.HAL_NVIC_EnableIRQ)
    HAL_NVIC_SetPriority                     0x0800061b   Thumb Code   124  stm32f4xx_hal_cortex.o(i.HAL_NVIC_SetPriority)
    HAL_NVIC_SetPriorityGrouping             0x08000699   Thumb Code    32  stm32f4xx_hal_cortex.o(i.HAL_NVIC_SetPriorityGrouping)
    HAL_RCC_ClockConfig                      0x080006c1   Thumb Code   366  stm32f4xx_hal_rcc.o(i.HAL_RCC_ClockConfig)
    HAL_RCC_GetHCLKFreq                      0x08000841   Thumb Code     6  stm32f4xx_hal_rcc.o(i.HAL_RCC_GetHCLKFreq)
    HAL_RCC_GetPCLK1Freq                     0x0800084d   Thumb Code    22  stm32f4xx_hal_rcc.o(i.HAL_RCC_GetPCLK1Freq)
    HAL_RCC_GetPCLK2Freq                     0x0800086d   Thumb Code    22  stm32f4xx_hal_rcc.o(i.HAL_RCC_GetPCLK2Freq)
    HAL_RCC_GetSysClockFreq                  0x0800088d   Thumb Code   162  stm32f4xx_hal_rcc.o(i.HAL_RCC_GetSysClockFreq)
    HAL_RCC_OscConfig                        0x0800093d   Thumb Code  1086  stm32f4xx_hal_rcc.o(i.HAL_RCC_OscConfig)
    HAL_SYSTICK_Config                       0x08000d85   Thumb Code    52  stm32f4xx_hal_cortex.o(i.HAL_SYSTICK_Config)
    HAL_TIM_Base_Init                        0x08000db9   Thumb Code    52  stm32f4xx_hal_tim.o(i.HAL_TIM_Base_Init)
    HAL_TIM_Base_MspInit                     0x08000ded   Thumb Code     2  stm32f4xx_hal_tim.o(i.HAL_TIM_Base_MspInit)
    HAL_TIM_Base_Start                       0x08000def   Thumb Code    42  stm32f4xx_hal_tim.o(i.HAL_TIM_Base_Start)
    HAL_UART_Init                            0x08000e19   Thumb Code   114  stm32f4xx_hal_uart.o(i.HAL_UART_Init)
    HAL_UART_MspInit                         0x08000e8b   Thumb Code     2  stm32f4xx_hal_uart.o(i.HAL_UART_MspInit)
    HardFaultHandler                         0x08000e8d   Thumb Code   202  segger_hardfaulthandler.o(i.HardFaultHandler)
    MemManage_Handler                        0x080012d5   Thumb Code     4  stm32f4xx_it.o(i.MemManage_Handler)
    NMI_Handler                              0x080012d9   Thumb Code     2  stm32f4xx_it.o(i.NMI_Handler)
    PendSV_Handler                           0x080012db   Thumb Code     2  stm32f4xx_it.o(i.PendSV_Handler)
    SVC_Handler                              0x080012ed   Thumb Code     2  stm32f4xx_it.o(i.SVC_Handler)
    SysTick_Handler                          0x080012f1   Thumb Code    22  bsp_timer.o(i.SysTick_Handler)
    SysTick_ISR                              0x0800130d   Thumb Code   110  bsp_timer.o(i.SysTick_ISR)
    SystemInit                               0x0800147d   Thumb Code    82  system_stm32f4xx.o(i.SystemInit)
    TIM2_IRQHandler                          0x080014e1   Thumb Code    24  bsp_timer.o(i.TIM2_IRQHandler)
    TIM_Base_SetConfig                       0x080014fd   Thumb Code   170  stm32f4xx_hal_tim.o(i.TIM_Base_SetConfig)
    USART1_IRQHandler                        0x0800193d   Thumb Code    10  bsp_uart_fifo.o(i.USART1_IRQHandler)
    USART2_IRQHandler                        0x0800194d   Thumb Code    10  bsp_uart_fifo.o(i.USART2_IRQHandler)
    USART6_IRQHandler                        0x0800195d   Thumb Code    10  bsp_uart_fifo.o(i.USART6_IRQHandler)
    UsageFault_Handler                       0x08001bc5   Thumb Code     4  stm32f4xx_it.o(i.UsageFault_Handler)
    __0printf$2                              0x08001bc9   Thumb Code    22  printf2.o(i.__0printf$2)
    __1printf$2                              0x08001bc9   Thumb Code     0  printf2.o(i.__0printf$2)
    __2printf                                0x08001bc9   Thumb Code     0  printf2.o(i.__0printf$2)
    __scatterload_copy                       0x08001c21   Thumb Code    14  handlers.o(i.__scatterload_copy)
    __scatterload_null                       0x08001c2f   Thumb Code     2  handlers.o(i.__scatterload_null)
    __scatterload_zeroinit                   0x08001c31   Thumb Code    14  handlers.o(i.__scatterload_zeroinit)
    bsp_CheckTimer                           0x08001d21   Thumb Code    48  bsp_timer.o(i.bsp_CheckTimer)
    bsp_DelayMS                              0x08001d55   Thumb Code    58  bsp_timer.o(i.bsp_DelayMS)
    bsp_Idle                                 0x08001e65   Thumb Code     2  bsp.o(i.bsp_Idle)
    bsp_Init                                 0x08001e67   Thumb Code    24  bsp.o(i.bsp_Init)
    bsp_InitHardTimer                        0x08001e81   Thumb Code   154  bsp_timer.o(i.bsp_InitHardTimer)
    bsp_InitLaserPort                        0x08001f4d   Thumb Code   164  main.o(i.bsp_InitLaserPort)
    bsp_InitLed                              0x08001ffd   Thumb Code   148  bsp_led.o(i.bsp_InitLed)
    bsp_InitTimer                            0x0800209d   Thumb Code   150  bsp_timer.o(i.bsp_InitTimer)
    bsp_InitUart                             0x08002149   Thumb Code    12  bsp_uart_fifo.o(i.bsp_InitUart)
    bsp_KeyScan10ms                          0x08002155   Thumb Code    22  bsp_key.o(i.bsp_KeyScan10ms)
    bsp_LedOff                               0x0800216d   Thumb Code    28  bsp_led.o(i.bsp_LedOff)
    bsp_LedOn                                0x08002191   Thumb Code    28  bsp_led.o(i.bsp_LedOn)
    bsp_LedToggle                            0x080021b5   Thumb Code    36  bsp_led.o(i.bsp_LedToggle)
    bsp_PutKey                               0x080021e1   Thumb Code    28  bsp_key.o(i.bsp_PutKey)
    bsp_RunPer10ms                           0x08002201   Thumb Code     8  bsp.o(i.bsp_RunPer10ms)
    bsp_RunPer1ms                            0x08002209   Thumb Code     2  bsp.o(i.bsp_RunPer1ms)
    bsp_SetUartParam                         0x0800220d   Thumb Code    52  bsp_uart_fifo.o(i.bsp_SetUartParam)
    bsp_StartAutoTimer                       0x08002281   Thumb Code    84  bsp_timer.o(i.bsp_StartAutoTimer)
    bsp_StartHardTimer                       0x0800231d   Thumb Code   124  bsp_timer.o(i.bsp_StartHardTimer)
    bsp_StopTimer                            0x080023a9   Thumb Code    66  bsp_timer.o(i.bsp_StopTimer)
    clear_nimma600_com_buff                  0x08002435   Thumb Code    34  main.o(i.clear_nimma600_com_buff)
    clear_nimma900_com_buff                  0x08002469   Thumb Code    24  main.o(i.clear_nimma900_com_buff)
    clear_pc_com_buff                        0x08002489   Thumb Code    24  main.o(i.clear_pc_com_buff)
    cmd_exec                                 0x080024a9   Thumb Code   100  main.o(i.cmd_exec)
    comSendBuf                               0x08002525   Thumb Code    46  bsp_uart_fifo.o(i.comSendBuf)
    comSendChar                              0x08002553   Thumb Code    16  bsp_uart_fifo.o(i.comSendChar)
    fputc                                    0x08002563   Thumb Code    18  bsp_uart_fifo.o(i.fputc)
    lasers_timer_stick                       0x08002575   Thumb Code   144  main.o(i.lasers_timer_stick)
    main                                     0x08002621   Thumb Code    98  main.o(i.main)
    rev_from_nimma600                        0x08002685   Thumb Code    78  main.o(i.rev_from_nimma600)
    rev_from_nimma900                        0x080026dd   Thumb Code    78  main.o(i.rev_from_nimma900)
    rev_from_pc                              0x08002735   Thumb Code   158  main.o(i.rev_from_pc)
    AHBPrescTable                            0x0800284c   Data          16  system_stm32f4xx.o(.constdata)
    APBPrescTable                            0x0800285c   Data           8  system_stm32f4xx.o(.constdata)
    Region$$Table$$Base                      0x080028a8   Number         0  anon$$obj.o(Region$$Table)
    Region$$Table$$Limit                     0x080028c8   Number         0  anon$$obj.o(Region$$Table)
    nimma900_cmd                             0x20000008   Data           1  main.o(.data)
    nimma600_cmd                             0x20000009   Data           1  main.o(.data)
    g_iRunTime                               0x2000002c   Data           4  bsp_timer.o(.data)
    uwTick                                   0x20000034   Data           4  stm32f4xx_hal.o(.data)
    uwTickPrio                               0x20000038   Data           4  stm32f4xx_hal.o(.data)
    uwTickFreq                               0x2000003c   Data           1  stm32f4xx_hal.o(.data)
    SystemCoreClock                          0x20000040   Data           4  system_stm32f4xx.o(.data)
    __stdout                                 0x20000048   Data           4  stdout.o(.data)
    com_pc_buff                              0x20000250   Data          20  main.o(.bss)
    com_nimma900_buff                        0x20000264   Data          20  main.o(.bss)
    com_nimma600_buff                        0x20000278   Data          20  main.o(.bss)
    __initial_sp                             0x20000fc0   Data           0  startup_stm32f407xx.o(STACK)



==============================================================================

Memory Map of the image

  Image Entry point : 0x08000189

  Load Region LR_IROM1 (Base: 0x08000000, Size: 0x00002914, Max: 0x00080000, ABSOLUTE)

    Execution Region ER_IROM1 (Exec base: 0x08000000, Load base: 0x08000000, Size: 0x000028c8, Max: 0x00080000, ABSOLUTE)

    Exec Addr    Load Addr    Size         Type   Attr      Idx    E Section Name        Object

    0x08000000   0x08000000   0x00000188   Data   RO          915    RESET               startup_stm32f407xx.o
    0x08000188   0x08000188   0x00000000   Code   RO         3077  * .ARM.Collect$$$$00000000  mc_w.l(entry.o)
    0x08000188   0x08000188   0x00000004   Code   RO         3347    .ARM.Collect$$$$00000001  mc_w.l(entry2.o)
    0x0800018c   0x0800018c   0x00000004   Code   RO         3350    .ARM.Collect$$$$00000004  mc_w.l(entry5.o)
    0x08000190   0x08000190   0x00000000   Code   RO         3352    .ARM.Collect$$$$00000008  mc_w.l(entry7b.o)
    0x08000190   0x08000190   0x00000000   Code   RO         3354    .ARM.Collect$$$$0000000A  mc_w.l(entry8b.o)
    0x08000190   0x08000190   0x00000008   Code   RO         3355    .ARM.Collect$$$$0000000B  mc_w.l(entry9a.o)
    0x08000198   0x08000198   0x00000004   Code   RO         3362    .ARM.Collect$$$$0000000E  mc_w.l(entry12b.o)
    0x0800019c   0x0800019c   0x00000000   Code   RO         3357    .ARM.Collect$$$$0000000F  mc_w.l(entry10a.o)
    0x0800019c   0x0800019c   0x00000000   Code   RO         3359    .ARM.Collect$$$$00000011  mc_w.l(entry11a.o)
    0x0800019c   0x0800019c   0x00000004   Code   RO         3348    .ARM.Collect$$$$00002712  mc_w.l(entry2.o)
    0x080001a0   0x080001a0   0x00000024   Code   RO          916    .text               startup_stm32f407xx.o
    0x080001c4   0x080001c4   0x00000062   Code   RO         3080    .text               mc_w.l(uldiv.o)
    0x08000226   0x08000226   0x00000024   Code   RO         3082    .text               mc_w.l(memseta.o)
    0x0800024a   0x0800024a   0x0000001e   Code   RO         3366    .text               mc_w.l(llshl.o)
    0x08000268   0x08000268   0x00000020   Code   RO         3368    .text               mc_w.l(llushr.o)
    0x08000288   0x08000288   0x00000024   Code   RO         3381    .text               mc_w.l(init.o)
    0x080002ac   0x080002ac   0x00000012   Code   RO         3047    OSKERNEL            hardfaulthandler.o
    0x080002be   0x080002be   0x00000004   Code   RO          851    i.BusFault_Handler  stm32f4xx_it.o
    0x080002c2   0x080002c2   0x00000002   PAD
    0x080002c4   0x080002c4   0x00000070   Code   RO          664    i.ComToUart         bsp_uart_fifo.o
    0x08000334   0x08000334   0x00000002   Code   RO          852    i.DebugMon_Handler  stm32f4xx_it.o
    0x08000336   0x08000336   0x00000008   Code   RO          329    i.Error_Handler     bsp.o
    0x0800033e   0x0800033e   0x00000002   PAD
    0x08000340   0x08000340   0x0000000c   Code   RO          932    i.HAL_EnableCompensationCell  stm32f4xx_hal.o
    0x0800034c   0x0800034c   0x00000200   Code   RO         1367    i.HAL_GPIO_Init     stm32f4xx_hal_gpio.o
    0x0800054c   0x0800054c   0x0000000c   Code   RO          936    i.HAL_GetTick       stm32f4xx_hal.o
    0x08000558   0x08000558   0x00000018   Code   RO          942    i.HAL_IncTick       stm32f4xx_hal.o
    0x08000570   0x08000570   0x0000003c   Code   RO          943    i.HAL_Init          stm32f4xx_hal.o
    0x080005ac   0x080005ac   0x0000004c   Code   RO          944    i.HAL_InitTick      stm32f4xx_hal.o
    0x080005f8   0x080005f8   0x00000002   Code   RO          946    i.HAL_MspInit       stm32f4xx_hal.o
    0x080005fa   0x080005fa   0x00000020   Code   RO         1111    i.HAL_NVIC_EnableIRQ  stm32f4xx_hal_cortex.o
    0x0800061a   0x0800061a   0x0000007c   Code   RO         1117    i.HAL_NVIC_SetPriority  stm32f4xx_hal_cortex.o
    0x08000696   0x08000696   0x00000002   PAD
    0x08000698   0x08000698   0x00000028   Code   RO         1118    i.HAL_NVIC_SetPriorityGrouping  stm32f4xx_hal_cortex.o
    0x080006c0   0x080006c0   0x00000180   Code   RO         1431    i.HAL_RCC_ClockConfig  stm32f4xx_hal_rcc.o
    0x08000840   0x08000840   0x0000000c   Code   RO         1436    i.HAL_RCC_GetHCLKFreq  stm32f4xx_hal_rcc.o
    0x0800084c   0x0800084c   0x00000020   Code   RO         1438    i.HAL_RCC_GetPCLK1Freq  stm32f4xx_hal_rcc.o
    0x0800086c   0x0800086c   0x00000020   Code   RO         1439    i.HAL_RCC_GetPCLK2Freq  stm32f4xx_hal_rcc.o
    0x0800088c   0x0800088c   0x000000b0   Code   RO         1440    i.HAL_RCC_GetSysClockFreq  stm32f4xx_hal_rcc.o
    0x0800093c   0x0800093c   0x00000448   Code   RO         1443    i.HAL_RCC_OscConfig  stm32f4xx_hal_rcc.o
    0x08000d84   0x08000d84   0x00000034   Code   RO         1122    i.HAL_SYSTICK_Config  stm32f4xx_hal_cortex.o
    0x08000db8   0x08000db8   0x00000034   Code   RO         1534    i.HAL_TIM_Base_Init  stm32f4xx_hal_tim.o
    0x08000dec   0x08000dec   0x00000002   Code   RO         1536    i.HAL_TIM_Base_MspInit  stm32f4xx_hal_tim.o
    0x08000dee   0x08000dee   0x0000002a   Code   RO         1537    i.HAL_TIM_Base_Start  stm32f4xx_hal_tim.o
    0x08000e18   0x08000e18   0x00000072   Code   RO         2245    i.HAL_UART_Init     stm32f4xx_hal_uart.o
    0x08000e8a   0x08000e8a   0x00000002   Code   RO         2247    i.HAL_UART_MspInit  stm32f4xx_hal_uart.o
    0x08000e8c   0x08000e8c   0x00000108   Code   RO         3053    i.HardFaultHandler  segger_hardfaulthandler.o
    0x08000f94   0x08000f94   0x00000294   Code   RO          665    i.InitHardUart      bsp_uart_fifo.o
    0x08001228   0x08001228   0x00000076   Code   RO          384    i.IsKeyDownFunc     bsp_key.o
    0x0800129e   0x0800129e   0x00000002   PAD
    0x080012a0   0x080012a0   0x00000034   Code   RO          385    i.KeyPinActive      bsp_key.o
    0x080012d4   0x080012d4   0x00000004   Code   RO          853    i.MemManage_Handler  stm32f4xx_it.o
    0x080012d8   0x080012d8   0x00000002   Code   RO          854    i.NMI_Handler       stm32f4xx_it.o
    0x080012da   0x080012da   0x00000002   Code   RO          855    i.PendSV_Handler    stm32f4xx_it.o
    0x080012dc   0x080012dc   0x00000010   Code   RO            4    i.PrintfLogo        main.o
    0x080012ec   0x080012ec   0x00000002   Code   RO          856    i.SVC_Handler       stm32f4xx_it.o
    0x080012ee   0x080012ee   0x00000002   PAD
    0x080012f0   0x080012f0   0x0000001c   Code   RO          539    i.SysTick_Handler   bsp_timer.o
    0x0800130c   0x0800130c   0x00000084   Code   RO          540    i.SysTick_ISR       bsp_timer.o
    0x08001390   0x08001390   0x000000ec   Code   RO          330    i.SystemClock_Config  bsp.o
    0x0800147c   0x0800147c   0x00000064   Code   RO         3014    i.SystemInit        system_stm32f4xx.o
    0x080014e0   0x080014e0   0x0000001c   Code   RO          541    i.TIM2_IRQHandler   bsp_timer.o
    0x080014fc   0x080014fc   0x000000d8   Code   RO         1622    i.TIM_Base_SetConfig  stm32f4xx_hal_tim.o
    0x080015d4   0x080015d4   0x00000368   Code   RO         2272    i.UART_SetConfig    stm32f4xx_hal_uart.o
    0x0800193c   0x0800193c   0x00000010   Code   RO          673    i.USART1_IRQHandler  bsp_uart_fifo.o
    0x0800194c   0x0800194c   0x00000010   Code   RO          674    i.USART2_IRQHandler  bsp_uart_fifo.o
    0x0800195c   0x0800195c   0x00000010   Code   RO          675    i.USART6_IRQHandler  bsp_uart_fifo.o
    0x0800196c   0x0800196c   0x000000f6   Code   RO          677    i.UartIRQ           bsp_uart_fifo.o
    0x08001a62   0x08001a62   0x00000092   Code   RO          678    i.UartSend          bsp_uart_fifo.o
    0x08001af4   0x08001af4   0x000000d0   Code   RO          680    i.UartVarInit       bsp_uart_fifo.o
    0x08001bc4   0x08001bc4   0x00000004   Code   RO          857    i.UsageFault_Handler  stm32f4xx_it.o
    0x08001bc8   0x08001bc8   0x00000020   Code   RO         3153    i.__0printf$2       mc_w.l(printf2.o)
    0x08001be8   0x08001be8   0x00000010   Code   RO         1124    i.__NVIC_GetPriorityGrouping  stm32f4xx_hal_cortex.o
    0x08001bf8   0x08001bf8   0x00000028   Code   RO         1125    i.__NVIC_SetPriority  stm32f4xx_hal_cortex.o
    0x08001c20   0x08001c20   0x0000000e   Code   RO         3389    i.__scatterload_copy  mc_w.l(handlers.o)
    0x08001c2e   0x08001c2e   0x00000002   Code   RO         3390    i.__scatterload_null  mc_w.l(handlers.o)
    0x08001c30   0x08001c30   0x0000000e   Code   RO         3391    i.__scatterload_zeroinit  mc_w.l(handlers.o)
    0x08001c3e   0x08001c3e   0x00000006   Code   RO          542    i.__set_PRIMASK     bsp_timer.o
    0x08001c44   0x08001c44   0x00000006   Code   RO          681    i.__set_PRIMASK     bsp_uart_fifo.o
    0x08001c4a   0x08001c4a   0x000000d6   Code   RO         3160    i._printf_core      mc_w.l(printf2.o)
    0x08001d20   0x08001d20   0x00000034   Code   RO          544    i.bsp_CheckTimer    bsp_timer.o
    0x08001d54   0x08001d54   0x00000044   Code   RO          545    i.bsp_DelayMS       bsp_timer.o
    0x08001d98   0x08001d98   0x000000cc   Code   RO          388    i.bsp_DetectKey     bsp_key.o
    0x08001e64   0x08001e64   0x00000002   Code   RO          331    i.bsp_Idle          bsp.o
    0x08001e66   0x08001e66   0x00000018   Code   RO          332    i.bsp_Init          bsp.o
    0x08001e7e   0x08001e7e   0x00000002   PAD
    0x08001e80   0x08001e80   0x000000cc   Code   RO          548    i.bsp_InitHardTimer  bsp_timer.o
    0x08001f4c   0x08001f4c   0x000000b0   Code   RO            5    i.bsp_InitLaserPort  main.o
    0x08001ffc   0x08001ffc   0x000000a0   Code   RO          489    i.bsp_InitLed       bsp_led.o
    0x0800209c   0x0800209c   0x000000ac   Code   RO          549    i.bsp_InitTimer     bsp_timer.o
    0x08002148   0x08002148   0x0000000c   Code   RO          682    i.bsp_InitUart      bsp_uart_fifo.o
    0x08002154   0x08002154   0x00000016   Code   RO          395    i.bsp_KeyScan10ms   bsp_key.o
    0x0800216a   0x0800216a   0x00000002   PAD
    0x0800216c   0x0800216c   0x00000024   Code   RO          491    i.bsp_LedOff        bsp_led.o
    0x08002190   0x08002190   0x00000024   Code   RO          492    i.bsp_LedOn         bsp_led.o
    0x080021b4   0x080021b4   0x0000002c   Code   RO          493    i.bsp_LedToggle     bsp_led.o
    0x080021e0   0x080021e0   0x00000020   Code   RO          397    i.bsp_PutKey        bsp_key.o
    0x08002200   0x08002200   0x00000008   Code   RO          333    i.bsp_RunPer10ms    bsp.o
    0x08002208   0x08002208   0x00000002   Code   RO          334    i.bsp_RunPer1ms     bsp.o
    0x0800220a   0x0800220a   0x00000002   PAD
    0x0800220c   0x0800220c   0x00000058   Code   RO          683    i.bsp_SetUartParam  bsp_uart_fifo.o
    0x08002264   0x08002264   0x0000001c   Code   RO          550    i.bsp_SoftTimerDec  bsp_timer.o
    0x08002280   0x08002280   0x0000009c   Code   RO          551    i.bsp_StartAutoTimer  bsp_timer.o
    0x0800231c   0x0800231c   0x0000008c   Code   RO          552    i.bsp_StartHardTimer  bsp_timer.o
    0x080023a8   0x080023a8   0x0000008c   Code   RO          554    i.bsp_StopTimer     bsp_timer.o
    0x08002434   0x08002434   0x00000034   Code   RO            6    i.clear_nimma600_com_buff  main.o
    0x08002468   0x08002468   0x00000020   Code   RO            7    i.clear_nimma900_com_buff  main.o
    0x08002488   0x08002488   0x00000020   Code   RO            8    i.clear_pc_com_buff  main.o
    0x080024a8   0x080024a8   0x0000007c   Code   RO            9    i.cmd_exec          main.o
    0x08002524   0x08002524   0x0000002e   Code   RO          687    i.comSendBuf        bsp_uart_fifo.o
    0x08002552   0x08002552   0x00000010   Code   RO          688    i.comSendChar       bsp_uart_fifo.o
    0x08002562   0x08002562   0x00000012   Code   RO          691    i.fputc             bsp_uart_fifo.o
    0x08002574   0x08002574   0x000000ac   Code   RO           10    i.lasers_timer_stick  main.o
    0x08002620   0x08002620   0x00000062   Code   RO           11    i.main              main.o
    0x08002682   0x08002682   0x00000002   PAD
    0x08002684   0x08002684   0x00000058   Code   RO           12    i.rev_from_nimma600  main.o
    0x080026dc   0x080026dc   0x00000058   Code   RO           13    i.rev_from_nimma900  main.o
    0x08002734   0x08002734   0x000000a8   Code   RO           14    i.rev_from_pc       main.o
    0x080027dc   0x080027dc   0x00000040   Data   RO          400    .constdata          bsp_key.o
    0x0800281c   0x0800281c   0x00000030   Data   RO          556    .constdata          bsp_timer.o
    0x0800284c   0x0800284c   0x00000018   Data   RO         3015    .constdata          system_stm32f4xx.o
    0x08002864   0x08002864   0x00000042   Data   RO           16    .conststring        main.o
    0x080028a6   0x080028a6   0x00000002   PAD
    0x080028a8   0x080028a8   0x00000020   Data   RO         3387    Region$$Table       anon$$obj.o


    Execution Region RW_IRAM1 (Exec base: 0x20000000, Load base: 0x080028c8, Size: 0x00000fc0, Max: 0x00020000, ABSOLUTE)

    Exec Addr    Load Addr    Size         Type   Attr      Idx    E Section Name        Object

    0x20000000   0x080028c8   0x00000014   Data   RW           17    .data               main.o
    0x20000014   0x080028dc   0x0000001e   Data   RW          557    .data               bsp_timer.o
    0x20000032   0x080028fa   0x00000002   PAD
    0x20000034   0x080028fc   0x00000009   Data   RW          950    .data               stm32f4xx_hal.o
    0x2000003d   0x08002905   0x00000003   PAD
    0x20000040   0x08002908   0x00000004   Data   RW         3016    .data               system_stm32f4xx.o
    0x20000044   0x0800290c   0x00000004   Data   RW         3055    .data               segger_hardfaulthandler.o
    0x20000048   0x08002910   0x00000004   Data   RW         3363    .data               mc_w.l(stdout.o)
    0x2000004c        -       0x00000240   Zero   RW           15    .bss                main.o
    0x2000028c        -       0x000002b1   Zero   RW          399    .bss                bsp_key.o
    0x2000053d   0x08002914   0x00000003   PAD
    0x20000540        -       0x00000234   Zero   RW          555    .bss                bsp_timer.o
    0x20000774        -       0x00000204   Zero   RW          692    .bss                bsp_uart_fifo.o
    0x20000978        -       0x00000244   Zero   RW         3054    .bss                segger_hardfaulthandler.o
    0x20000bbc   0x08002914   0x00000004   PAD
    0x20000bc0        -       0x00000400   Zero   RW          913    STACK               startup_stm32f407xx.o


==============================================================================

Image component sizes


      Code (inc. data)   RO Data    RW Data    ZI Data      Debug   Object Name

       280         32          0          0          0       3507   bsp.o
       428         12         64          0        689       4287   bsp_key.o
       276         36          0          0          0       2807   bsp_led.o
      1154        280         48         30        564      44788   bsp_timer.o
      1606        192          0          0        516      12069   bsp_uart_fifo.o
        18          0          0          0          0        324   hardfaulthandler.o
      1046        134         66         20        576     700225   main.o
       264         62          0          4        580       3711   segger_hardfaulthandler.o
        36          8        392          0       1024        940   startup_stm32f407xx.o
       186         36          0          9          0       5148   stm32f4xx_hal.o
       304         22          0          0          0      34523   stm32f4xx_hal_cortex.o
       512         46          0          0          0       1708   stm32f4xx_hal_gpio.o
      1732         84          0          0          0       5708   stm32f4xx_hal_rcc.o
       312         46          0          0          0       3233   stm32f4xx_hal_tim.o
       988          8          0          0          0       2467   stm32f4xx_hal_uart.o
        20          0          0          0          0       3392   stm32f4xx_it.o
       100         18         24          4          0       1455   system_stm32f4xx.o

    ----------------------------------------------------------------------
      9280       1016        628         72       3956     830292   Object Totals
         0          0         32          0          0          0   (incl. Generated)
        18          0          2          5          7          0   (incl. Padding)

    ----------------------------------------------------------------------

      Code (inc. data)   RO Data    RW Data    ZI Data      Debug   Library Member Name

         0          0          0          0          0          0   entry.o
         0          0          0          0          0          0   entry10a.o
         0          0          0          0          0          0   entry11a.o
         4          0          0          0          0          0   entry12b.o
         8          4          0          0          0          0   entry2.o
         4          0          0          0          0          0   entry5.o
         0          0          0          0          0          0   entry7b.o
         0          0          0          0          0          0   entry8b.o
         8          4          0          0          0          0   entry9a.o
        30          0          0          0          0          0   handlers.o
        36          8          0          0          0         68   init.o
        30          0          0          0          0         68   llshl.o
        32          0          0          0          0         68   llushr.o
        36          0          0          0          0        108   memseta.o
       246         10          0          0          0        176   printf2.o
         0          0          0          4          0          0   stdout.o
        98          0          0          0          0         92   uldiv.o

    ----------------------------------------------------------------------
       532         26          0          4          0        580   Library Totals
         0          0          0          0          0          0   (incl. Padding)

    ----------------------------------------------------------------------

      Code (inc. data)   RO Data    RW Data    ZI Data      Debug   Library Name

       532         26          0          4          0        580   mc_w.l

    ----------------------------------------------------------------------
       532         26          0          4          0        580   Library Totals

    ----------------------------------------------------------------------

==============================================================================


      Code (inc. data)   RO Data    RW Data    ZI Data      Debug   

      9812       1042        628         76       3956     822768   Grand Totals
      9812       1042        628         76       3956     822768   ELF Image Totals
      9812       1042        628         76          0          0   ROM Totals

==============================================================================

    Total RO  Size (Code + RO Data)                10440 (  10.20kB)
    Total RW  Size (RW Data + ZI Data)              4032 (   3.94kB)
    Total ROM Size (Code + RO Data + RW Data)      10516 (  10.27kB)

==============================================================================

